Archive member included because of file (symbol)

contiki-z1.a(rimeaddr.o)      obj_z1/contiki-z1-main.o (rimeaddr_copy)
contiki-z1.a(csma.o)          obj_z1/contiki-z1-main.o (csma_driver)
contiki-z1.a(contikimac.o)    obj_z1/contiki-z1-main.o (contikimac_driver)
contiki-z1.a(phase.o)         contiki-z1.a(contikimac.o) (phase_update)
contiki-z1.a(process.o)       obj_z1/contiki-z1-main.o (process_init)
contiki-z1.a(autostart.o)     obj_z1/contiki-z1-main.o (autostart_start)
contiki-z1.a(memb.o)          obj_z1/httpd-simple.o (memb_init)
contiki-z1.a(timer.o)         obj_z1/httpd-simple.o (timer_set)
contiki-z1.a(list.o)          contiki-z1.a(csma.o) (list_init)
contiki-z1.a(etimer.o)        obj_z1/contiki-z1-main.o (etimer_process)
contiki-z1.a(ctimer.o)        obj_z1/contiki-z1-main.o (ctimer_init)
contiki-z1.a(energest.o)      obj_z1/contiki-z1-main.o (energest_init)
contiki-z1.a(rtimer.o)        obj_z1/contiki-z1-main.o (rtimer_init)
contiki-z1.a(random.o)        contiki-z1.a(csma.o) (random_rand)
contiki-z1.a(packetbuf.o)     contiki-z1.a(contikimac.o) (packetbuf_hdr_remove)
contiki-z1.a(queuebuf.o)      obj_z1/contiki-z1-main.o (queuebuf_init)
contiki-z1.a(uip6.o)          obj_z1/httpd-simple.o (uip_conn)
contiki-z1.a(tcpip.o)         obj_z1/httpd-simple.o (tcp_listen)
contiki-z1.a(psock.o)         z1-websense.co (psock_send)
contiki-z1.a(uip-icmp6.o)     contiki-z1.a(uip6.o) (uip_icmp6_echo_request_input)
contiki-z1.a(uip-nd6.o)       contiki-z1.a(uip6.o) (uip_nd6_ns_input)
contiki-z1.a(sicslowpan.o)    obj_z1/contiki-z1-main.o (sicslowpan_driver)
contiki-z1.a(neighbor-info.o)
                              contiki-z1.a(sicslowpan.o) (neighbor_info_packet_sent)
contiki-z1.a(uip-ds6.o)       contiki-z1.a(tcpip.o) (uip_ds6_nbr_add)
contiki-z1.a(webserver-nogui)
                              z1-websense.co (webserver_nogui_process)
contiki-z1.a(contiki-z1-plat)
                              obj_z1/contiki-z1-main.o (init_platform)
contiki-z1.a(msp430.o)        obj_z1/contiki-z1-main.o (msp430_cpu_init)
contiki-z1.a(leds.o)          obj_z1/contiki-z1-main.o (leds_init)
contiki-z1.a(watchdog.o)      obj_z1/contiki-z1-main.o (watchdog_start)
contiki-z1.a(xmem.o)          obj_z1/contiki-z1-main.o (xmem_init)
contiki-z1.a(spi.o)           contiki-z1.a(xmem.o) (spi_init)
contiki-z1.a(cc2420.o)        obj_z1/contiki-z1-main.o (cc2420_set_channel)
contiki-z1.a(cc2420-arch.o)   contiki-z1.a(cc2420.o) (cc2420_arch_init)
contiki-z1.a(node-id.o)       obj_z1/contiki-z1-main.o (node_id_restore)
contiki-z1.a(sensors.o)       contiki-z1.a(contiki-z1-plat) (sensors_process)
contiki-z1.a(button-sensor.o)
                              obj_z1/contiki-z1-main.o (button_sensor)
contiki-z1.a(uart0.o)         obj_z1/contiki-z1-main.o (uart0_active)
contiki-z1.a(uart0-putchar.o)
                              obj_z1/contiki-z1-main.o (putchar)
contiki-z1.a(adxl345.o)       obj_z1/contiki-z1-main.o (accm_init)
contiki-z1.a(clock.o)         contiki-z1.a(timer.o) (clock_time)
contiki-z1.a(leds-arch.o)     contiki-z1.a(leds.o) (leds_arch_init)
contiki-z1.a(rtimer-arch.o)   contiki-z1.a(rtimer.o) (rtimer_arch_init)
contiki-z1.a(rimestats.o)     contiki-z1.a(cc2420.o) (rimestats)
contiki-z1.a(mac.o)           contiki-z1.a(csma.o) (mac_call_sent_callback)
contiki-z1.a(framer-802154.o)
                              contiki-z1.a(contikimac.o) (framer_802154)
contiki-z1.a(rpl.o)           contiki-z1.a(uip-ds6.o) (rpl_ipv6_neighbor_callback)
contiki-z1.a(rpl-dag.o)       contiki-z1.a(rpl.o) (instance_table)
contiki-z1.a(rpl-icmp6.o)     contiki-z1.a(rpl-dag.o) (dao_output)
contiki-z1.a(rpl-timers.o)    contiki-z1.a(rpl.o) (rpl_reset_periodic_timer)
contiki-z1.a(rpl-of-etx.o)    contiki-z1.a(rpl-dag.o) (rpl_of_etx)
contiki-z1.a(rpl-ext-header.)
                              contiki-z1.a(uip6.o) (rpl_verify_header)
contiki-z1.a(stimer.o)        contiki-z1.a(tcpip.o) (stimer_set)
contiki-z1.a(neighbor-attr.o)
                              contiki-z1.a(neighbor-info.o) (neighbor_attr_register)
contiki-z1.a(i2cmaster.o)     contiki-z1.a(adxl345.o) (i2c_receiveinit)
contiki-z1.a(frame802154.o)   contiki-z1.a(framer-802154.o) (frame802154_hdrlen)
/usr/lib/gcc/msp430/4.6.3/mcpu-430x/mmpy-16/libgcc.a(_mulsi3.o)
                              contiki-z1.a(csma.o) (__mulsi3)
/usr/lib/gcc/msp430/4.6.3/mcpu-430x/mmpy-16/libgcc.a(_udivmod16.o)
                              contiki-z1.a(neighbor-info.o) (__udivhi3)
/usr/lib/gcc/msp430/4.6.3/mcpu-430x/mmpy-16/libgcc.a(_udivmod32.o)
                              obj_z1/contiki-z1-main.o (__udivsi3)
/usr/lib/gcc/msp430/4.6.3/mcpu-430x/mmpy-16/libgcc.a(_ge_sf.o)
                              z1-websense.co (__gesf2)
/usr/lib/gcc/msp430/4.6.3/mcpu-430x/mmpy-16/libgcc.a(_si_to_sf.o)
                              z1-websense.co (__floatsisf)
/usr/lib/gcc/msp430/4.6.3/mcpu-430x/mmpy-16/libgcc.a(_sf_to_si.o)
                              z1-websense.co (__fixsfsi)
[...]
Memory Configuration

Name             Origin             Length             Attributes
sfr              0x0000000000000000 0x0000000000000010
peripheral_8bit  0x0000000000000010 0x00000000000000f0
peripheral_16bit 0x0000000000000100 0x0000000000000100
ram_mirror       0x0000000000000200 0x0000000000000800 xw
infomem          0x0000000000001000 0x0000000000000100
infod            0x0000000000001000 0x0000000000000040
infoc            0x0000000000001040 0x0000000000000040
infob            0x0000000000001080 0x0000000000000040
infoa            0x00000000000010c0 0x0000000000000040
ram              0x0000000000001100 0x0000000000002000 xw
rom              0x0000000000003100 0x000000000000cebe xr
vectors          0x000000000000ffc0 0x0000000000000040
far_rom          0x0000000000010000 0x000000000000a000
bsl              0x0000000000000000 0x0000000000000000
ram2             0x0000000000000000 0x0000000000000000 xw
usbram           0x0000000000000000 0x0000000000000000 xw
*default*        0x0000000000000000 0xffffffffffffffff

Linker script and memory map

LOAD /usr/lib/gcc/msp430/4.6.3/mcpu-430x/mmpy-16/crt0ivtbl32.o
                0x0000000000000041                __P1SEL2 = 0x41
                0x0000000000000045                __P5SEL2 = 0x45
LOAD z1-websense.co
LOAD obj_z1/httpd-simple.o
LOAD obj_z1/contiki-z1-main.o
LOAD contiki-z1.a
LOAD /usr/lib/gcc/msp430/4.6.3/mcpu-430x/mmpy-16/libgcc.a
LOAD /usr/lib/gcc/msp430/4.6.3/../../../../msp430/lib/mcpu-430x/mmpy-16/libc.a
LOAD /usr/lib/gcc/msp430/4.6.3/mcpu-430x/mmpy-16/libgcc.a
LOAD /usr/lib/gcc/msp430/4.6.3/mcpu-430x/mmpy-16/libcrt0.a
                0x0000000000000040                PROVIDE (__info_segment_size, 0x40)
                0x0000000000001000                PROVIDE (__infod, 0x1000)
                0x0000000000001040                PROVIDE (__infoc, 0x1040)
                0x0000000000001080                PROVIDE (__infob, 0x1080)
                0x00000000000010c0                PROVIDE (__infoa, 0x10c0)
                0x0000000000000000                __IE1 = 0x0
                0x0000000000000002                __IFG1 = 0x2
                0x0000000000000001                __IE2 = 0x1
                0x0000000000000003                __IFG2 = 0x3
                0x0000000000000006                __UC1IE = 0x6
                0x0000000000000007                __UC1IFG = 0x7
                0x00000000000001a0                __ADC12CTL0 = 0x1a0
                0x00000000000001a2                __ADC12CTL1 = 0x1a2
                0x00000000000001a4                __ADC12IFG = 0x1a4
                0x00000000000001a6                __ADC12IE = 0x1a6
                0x00000000000001a8                __ADC12IV = 0x1a8
                0x0000000000000140                __ADC12MEM0 = 0x140
                0x0000000000000142                __ADC12MEM1 = 0x142
                0x0000000000000144                __ADC12MEM2 = 0x144
                0x0000000000000146                __ADC12MEM3 = 0x146
                0x0000000000000148                __ADC12MEM4 = 0x148
                0x000000000000014a                __ADC12MEM5 = 0x14a
                0x000000000000014c                __ADC12MEM6 = 0x14c
                0x000000000000014e                __ADC12MEM7 = 0x14e
                0x0000000000000150                __ADC12MEM8 = 0x150
                0x0000000000000152                __ADC12MEM9 = 0x152
                0x0000000000000154                __ADC12MEM10 = 0x154
                0x0000000000000156                __ADC12MEM11 = 0x156
                0x0000000000000158                __ADC12MEM12 = 0x158
                0x000000000000015a                __ADC12MEM13 = 0x15a
                0x000000000000015c                __ADC12MEM14 = 0x15c
                0x000000000000015e                __ADC12MEM15 = 0x15e
                0x0000000000000080                __ADC12MCTL0 = 0x80
                0x0000000000000081                __ADC12MCTL1 = 0x81
                0x0000000000000082                __ADC12MCTL2 = 0x82
                0x0000000000000083                __ADC12MCTL3 = 0x83
                0x0000000000000084                __ADC12MCTL4 = 0x84
                0x0000000000000085                __ADC12MCTL5 = 0x85
                0x0000000000000086                __ADC12MCTL6 = 0x86
                0x0000000000000087                __ADC12MCTL7 = 0x87
                0x0000000000000088                __ADC12MCTL8 = 0x88
                0x0000000000000089                __ADC12MCTL9 = 0x89
                0x000000000000008a                __ADC12MCTL10 = 0x8a
                0x000000000000008b                __ADC12MCTL11 = 0x8b
                0x000000000000008c                __ADC12MCTL12 = 0x8c
                0x000000000000008d                __ADC12MCTL13 = 0x8d
                0x000000000000008e                __ADC12MCTL14 = 0x8e
                0x000000000000008f                __ADC12MCTL15 = 0x8f
                0x0000000000000056                __DCOCTL = 0x56
                0x0000000000000057                __BCSCTL1 = 0x57
                0x0000000000000058                __BCSCTL2 = 0x58
                0x0000000000000053                __BCSCTL3 = 0x53
                0x0000000000000059                __CACTL1 = 0x59
                0x000000000000005a                __CACTL2 = 0x5a
                0x000000000000005b                __CAPD = 0x5b
                0x00000000000001c0                __DAC12_0CTL = 0x1c0
                0x00000000000001c2                __DAC12_1CTL = 0x1c2
                0x00000000000001c8                __DAC12_0DAT = 0x1c8
                0x00000000000001ca                __DAC12_1DAT = 0x1ca
                0x0000000000000122                __DMACTL0 = 0x122
                0x0000000000000124                __DMACTL1 = 0x124
                0x0000000000000126                __DMAIV = 0x126
                0x00000000000001d0                __DMA0CTL = 0x1d0
                0x00000000000001dc                __DMA1CTL = 0x1dc
                0x00000000000001e8                __DMA2CTL = 0x1e8
                0x00000000000001d2                __DMA0SA = 0x1d2
                0x00000000000001d2                __DMA0SAL = 0x1d2
                0x00000000000001d6                __DMA0DA = 0x1d6
                0x00000000000001d6                __DMA0DAL = 0x1d6
                0x00000000000001da                __DMA0SZ = 0x1da
                0x00000000000001de                __DMA1SA = 0x1de
                0x00000000000001de                __DMA1SAL = 0x1de
                0x00000000000001e2                __DMA1DA = 0x1e2
                0x00000000000001e2                __DMA1DAL = 0x1e2
                0x00000000000001e6                __DMA1SZ = 0x1e6
                0x00000000000001ea                __DMA2SA = 0x1ea
                0x00000000000001ea                __DMA2SAL = 0x1ea
                0x00000000000001ee                __DMA2DA = 0x1ee
                0x00000000000001ee                __DMA2DAL = 0x1ee
                0x00000000000001f2                __DMA2SZ = 0x1f2
                0x0000000000000128                __FCTL1 = 0x128
                0x000000000000012a                __FCTL2 = 0x12a
                0x000000000000012c                __FCTL3 = 0x12c
                0x00000000000001be                __FCTL4 = 0x1be
                0x0000000000000130                __MPY = 0x130
                0x0000000000000132                __MPYS = 0x132
                0x0000000000000134                __MAC = 0x134
                0x0000000000000136                __MACS = 0x136
                0x0000000000000138                __OP2 = 0x138
                0x000000000000013a                __RESLO = 0x13a
                0x000000000000013c                __RESHI = 0x13c
                0x000000000000013e                __SUMEXT = 0x13e
                0x0000000000000020                __P1IN = 0x20
                0x0000000000000021                __P1OUT = 0x21
                0x0000000000000022                __P1DIR = 0x22
                0x0000000000000023                __P1IFG = 0x23
                0x0000000000000024                __P1IES = 0x24
                0x0000000000000025                __P1IE = 0x25
                0x0000000000000026                __P1SEL = 0x26
                0x0000000000000027                __P1REN = 0x27
                0x0000000000000028                __P2IN = 0x28
                0x0000000000000029                __P2OUT = 0x29
                0x000000000000002a                __P2DIR = 0x2a
                0x000000000000002b                __P2IFG = 0x2b
                0x000000000000002c                __P2IES = 0x2c
                0x000000000000002d                __P2IE = 0x2d
                0x000000000000002e                __P2SEL = 0x2e
                0x000000000000002f                __P2REN = 0x2f
                0x0000000000000018                __P3IN = 0x18
                0x0000000000000019                __P3OUT = 0x19
                0x000000000000001a                __P3DIR = 0x1a
                0x000000000000001b                __P3SEL = 0x1b
                0x0000000000000010                __P3REN = 0x10
                0x000000000000001c                __P4IN = 0x1c
                0x000000000000001d                __P4OUT = 0x1d
                0x000000000000001e                __P4DIR = 0x1e
                0x000000000000001f                __P4SEL = 0x1f
                0x0000000000000011                __P4REN = 0x11
                0x0000000000000030                __P5IN = 0x30
                0x0000000000000031                __P5OUT = 0x31
                0x0000000000000032                __P5DIR = 0x32
                0x0000000000000033                __P5SEL = 0x33
                0x0000000000000012                __P5REN = 0x12
                0x0000000000000034                __P6IN = 0x34
                0x0000000000000035                __P6OUT = 0x35
                0x0000000000000036                __P6DIR = 0x36
                0x0000000000000037                __P6SEL = 0x37
                0x0000000000000013                __P6REN = 0x13
                0x0000000000000038                __P7IN = 0x38
                0x000000000000003a                __P7OUT = 0x3a
                0x000000000000003c                __P7DIR = 0x3c
                0x000000000000003e                __P7SEL = 0x3e
                0x0000000000000014                __P7REN = 0x14
                0x0000000000000039                __P8IN = 0x39
                0x000000000000003b                __P8OUT = 0x3b
                0x000000000000003d                __P8DIR = 0x3d
                0x000000000000003f                __P8SEL = 0x3f
                0x0000000000000015                __P8REN = 0x15
                0x0000000000000038                __PAIN = 0x38
                0x000000000000003a                __PAOUT = 0x3a
                0x000000000000003c                __PADIR = 0x3c
                0x000000000000003e                __PASEL = 0x3e
                0x0000000000000014                __PAREN = 0x14
                0x0000000000000055                __SVSCTL = 0x55
                0x000000000000012e                __TAIV = 0x12e
                0x0000000000000160                __TACTL = 0x160
                0x0000000000000162                __TACCTL0 = 0x162
                0x0000000000000164                __TACCTL1 = 0x164
                0x0000000000000166                __TACCTL2 = 0x166
                0x0000000000000170                __TAR = 0x170
                0x0000000000000172                __TACCR0 = 0x172
                0x0000000000000174                __TACCR1 = 0x174
                0x0000000000000176                __TACCR2 = 0x176
                0x000000000000011e                __TBIV = 0x11e
                0x0000000000000180                __TBCTL = 0x180
                0x0000000000000182                __TBCCTL0 = 0x182
                0x0000000000000184                __TBCCTL1 = 0x184
                0x0000000000000186                __TBCCTL2 = 0x186
                0x0000000000000188                __TBCCTL3 = 0x188
                0x000000000000018a                __TBCCTL4 = 0x18a
                0x000000000000018c                __TBCCTL5 = 0x18c
                0x000000000000018e                __TBCCTL6 = 0x18e
                0x0000000000000190                __TBR = 0x190
                0x0000000000000192                __TBCCR0 = 0x192
                0x0000000000000194                __TBCCR1 = 0x194
                0x0000000000000196                __TBCCR2 = 0x196
                0x0000000000000198                __TBCCR3 = 0x198
                0x000000000000019a                __TBCCR4 = 0x19a
                0x000000000000019c                __TBCCR5 = 0x19c
                0x000000000000019e                __TBCCR6 = 0x19e
                0x0000000000000060                __UCA0CTL0 = 0x60
                0x0000000000000061                __UCA0CTL1 = 0x61
                0x0000000000000062                __UCA0BR0 = 0x62
                0x0000000000000063                __UCA0BR1 = 0x63
                0x0000000000000064                __UCA0MCTL = 0x64
                0x0000000000000065                __UCA0STAT = 0x65
                0x0000000000000066                __UCA0RXBUF = 0x66
                0x0000000000000067                __UCA0TXBUF = 0x67
                0x000000000000005d                __UCA0ABCTL = 0x5d
                0x000000000000005e                __UCA0IRTCTL = 0x5e
                0x000000000000005f                __UCA0IRRCTL = 0x5f
                0x0000000000000068                __UCB0CTL0 = 0x68
                0x0000000000000069                __UCB0CTL1 = 0x69
                0x000000000000006a                __UCB0BR0 = 0x6a
                0x000000000000006b                __UCB0BR1 = 0x6b
                0x000000000000006c                __UCB0I2CIE = 0x6c
                0x000000000000006d                __UCB0STAT = 0x6d
                0x000000000000006e                __UCB0RXBUF = 0x6e
                0x000000000000006f                __UCB0TXBUF = 0x6f
                0x0000000000000118                __UCB0I2COA = 0x118
                0x000000000000011a                __UCB0I2CSA = 0x11a
                0x00000000000000d0                __UCA1CTL0 = 0xd0
                0x00000000000000d1                __UCA1CTL1 = 0xd1
                0x00000000000000d2                __UCA1BR0 = 0xd2
                0x00000000000000d3                __UCA1BR1 = 0xd3
                0x00000000000000d4                __UCA1MCTL = 0xd4
                0x00000000000000d5                __UCA1STAT = 0xd5
                0x00000000000000d6                __UCA1RXBUF = 0xd6
                0x00000000000000d7                __UCA1TXBUF = 0xd7
                0x00000000000000cd                __UCA1ABCTL = 0xcd
                0x00000000000000ce                __UCA1IRTCTL = 0xce
                0x00000000000000cf                __UCA1IRRCTL = 0xcf
                0x00000000000000d8                __UCB1CTL0 = 0xd8
                0x00000000000000d9                __UCB1CTL1 = 0xd9
                0x00000000000000da                __UCB1BR0 = 0xda
                0x00000000000000db                __UCB1BR1 = 0xdb
                0x00000000000000dc                __UCB1I2CIE = 0xdc
                0x00000000000000dd                __UCB1STAT = 0xdd
                0x00000000000000de                __UCB1RXBUF = 0xde
                0x00000000000000df                __UCB1TXBUF = 0xdf
                0x000000000000017c                __UCB1I2COA = 0x17c
                0x000000000000017e                __UCB1I2CSA = 0x17e
                0x0000000000000120                __WDTCTL = 0x120
                0x00000000000010c0                __TLV_CHECKSUM = 0x10c0
                0x00000000000010f6                __TLV_DCO_30_TAG = 0x10f6
                0x00000000000010f7                __TLV_DCO_30_LEN = 0x10f7
                0x00000000000010da                __TLV_ADC12_1_TAG = 0x10da
                0x00000000000010db                __TLV_ADC12_1_LEN = 0x10db
                0x00000000000010f8                __CALDCO_16MHZ = 0x10f8
                0x00000000000010f9                __CALBC1_16MHZ = 0x10f9
                0x00000000000010fa                __CALDCO_12MHZ = 0x10fa
                0x00000000000010fb                __CALBC1_12MHZ = 0x10fb
                0x00000000000010fc                __CALDCO_8MHZ = 0x10fc
                0x00000000000010fd                __CALBC1_8MHZ = 0x10fd
                0x00000000000010fe                __CALDCO_1MHZ = 0x10fe
                0x00000000000010ff                __CALBC1_1MHZ = 0x10ff

.hash
 *(.hash)

.dynsym
 *(.dynsym)

.dynstr
 *(.dynstr)

.gnu.version
 *(.gnu.version)

.gnu.version_d
 *(.gnu.version_d)

.gnu.version_r
 *(.gnu.version_r)

.rel.init
 *(.rel.init)

.rela.init
 *(.rela.init)

.rel.fini
 *(.rel.fini)

.rela.fini
 *(.rela.fini)

.rel.text
 *(.rel.text .rel.text.* .rel.gnu.linkonce.t.*)

.rela.text
 *(.rela.text .rela.text.* .rela.gnu.linkonce.t.*)

.rel.rodata
 *(.rel.rodata .rel.rodata.* .rel.gnu.linkonce.r.*)

.rela.rodata
 *(.rela.rodata .rela.rodata.* .rela.gnu.linkonce.r.*)

.rel.data
 *(.rel.data .rel.data.* .rel.gnu.linkonce.d.*)

.rela.data
 *(.rela.data .rela.data.* .rela.gnu.linkonce.d.*)

.rel.bss
 *(.rel.bss .rel.bss.* .rel.gnu.linkonce.b.*)

.rela.bss
 *(.rela.bss .rela.bss.* .rela.gnu.linkonce.b.*)

.rel.ctors
 *(.rel.ctors)

.rela.ctors
 *(.rela.ctors)

.rel.dtors
 *(.rel.dtors)

.rela.dtors
 *(.rela.dtors)

.rel.got
 *(.rel.got)

.rela.got
 *(.rela.got)

.rel.plt
 *(.rel.plt)

.rela.plt
 *(.rela.plt)

.text           0x0000000000003100     0xa48e
                0x0000000000003100                . = ALIGN (0x2)
 *(.init .init.*)
 *(.init0)
 .init0         0x0000000000003100        0x0 /usr/lib/gcc/msp430/4.6.3/mcpu-430x/mmpy-16/libcrt0.a(_reset_vector__.o)
                0x0000000000003100                _reset_vector__
 *(.init1)
 .init1         0x0000000000003100        0xc /usr/lib/gcc/msp430/4.6.3/mcpu-430x/mmpy-16/libcrt0.a(__watchdog_support.o)
                0x0000000000003100                __watchdog_support
 *(.init2)
 .init2         0x000000000000310c        0x4 /usr/lib/gcc/msp430/4.6.3/mcpu-430x/mmpy-16/libcrt0.a(__init_stack.o)
                0x000000000000310c                __init_stack
 *(.init3)
 .init3         0x0000000000003110        0x0 /usr/lib/gcc/msp430/4.6.3/mcpu-430x/mmpy-16/libcrt0.a(__low_level_init.o)
                0x0000000000003110                __low_level_init
 *(.init4)
 .init4         0x0000000000003110       0x18 /usr/lib/gcc/msp430/4.6.3/mcpu-430x/mmpy-16/libcrt0.a(_copy_data.o)
                0x0000000000003110                __do_copy_data
 .init4         0x0000000000003128       0x16 /usr/lib/gcc/msp430/4.6.3/mcpu-430x/mmpy-16/libcrt0.a(_clear_bss.o)
                0x0000000000003128                __do_clear_bss
 *(.init5)
 *(.init6)
 *(.init7)
 *(.init8)
 *(.init9)
 .init9         0x000000000000313e      0x364 obj_z1/contiki-z1-main.o
                0x000000000000313e                main
 *(.fini9)
 .fini9         0x00000000000034a2        0x0 /usr/lib/gcc/msp430/4.6.3/mcpu-430x/mmpy-16/libcrt0.a(__stop_progExec__.o)
                0x00000000000034a2                __stop_progExec__
 *(.fini8)
 *(.fini7)
 *(.fini6)
 *(.fini5)
 *(.fini4)
 *(.fini3)
 *(.fini2)
 *(.fini1)
 *(.fini0)
 .fini0         0x00000000000034a2        0x6 /usr/lib/gcc/msp430/4.6.3/mcpu-430x/mmpy-16/libcrt0.a(_endless_loop__.o)
                0x00000000000034a2                _endless_loop__
 *(.fini .fini.*)
                0x00000000000034a8                . = ALIGN (0x2)
                0x00000000000034a8                __ctors_start = .
 *(.ctors)
                0x00000000000034a8                __ctors_end = .
                0x00000000000034a8                __dtors_start = .
 *(.dtors)
                0x00000000000034a8                __dtors_end = .
                0x00000000000034a8                . = ALIGN (0x2)
 *(.text .text.* .gnu.linkonce.t.*)
 .text          0x00000000000034a8        0x4 /usr/lib/gcc/msp430/4.6.3/mcpu-430x/mmpy-16/crt0ivtbl32.o
                0x00000000000034a8                __isr_14
                0x00000000000034a8                __isr_4
                0x00000000000034a8                __isr_29
                0x00000000000034a8                __isr_11
                0x00000000000034a8                __isr_5
                0x00000000000034a8                __isr_2
                0x00000000000034a8                __isr_10
                0x00000000000034a8                __isr_7
                0x00000000000034a8                __isr_0
                0x00000000000034a8                __isr_28
                0x00000000000034a8                __isr_8
                0x00000000000034a8                __isr_20
                0x00000000000034a8                __isr_3
                0x00000000000034a8                __isr_12
                0x00000000000034a8                __isr_13
                0x00000000000034a8                __isr_27
                0x00000000000034a8                __isr_9
                0x00000000000034a8                __isr_30
                0x00000000000034a8                __isr_6
                0x00000000000034a8                __isr_22
                0x00000000000034a8                __isr_1
                0x00000000000034a8                __isr_15
                0x00000000000034a8                __isr_21
 .text.process_thread_web_sense_process
                0x00000000000034ac       0x8a z1-websense.co
 .text.generate_chart.constprop.0
                0x0000000000003536       0xac z1-websense.co
 .text.send_values
                0x00000000000035e2      0x1a8 z1-websense.co
 .text.httpd_simple_get_script
                0x000000000000378a        0x6 z1-websense.co
                0x000000000000378a                httpd_simple_get_script
 .text.handle_input
                0x0000000000003790       0xec obj_z1/httpd-simple.o
 .text.send_headers
                0x000000000000387c       0x6a obj_z1/httpd-simple.o
 .text.handle_output
                0x00000000000038e6       0xf4 obj_z1/httpd-simple.o
 .text.httpd_appcall
                0x00000000000039da       0xcc obj_z1/httpd-simple.o
                0x00000000000039da                httpd_appcall
 .text.httpd_init
                0x0000000000003aa6       0x12 obj_z1/httpd-simple.o
                0x0000000000003aa6                httpd_init
 .text.rimeaddr_copy
                0x0000000000003ab8       0x1a contiki-z1.a(rimeaddr.o)
                0x0000000000003ab8                rimeaddr_copy
 .text.rimeaddr_cmp
                0x0000000000003ad2       0x22 contiki-z1.a(rimeaddr.o)
                0x0000000000003ad2                rimeaddr_cmp
 .text.rimeaddr_set_node_addr
                0x0000000000003af4        0xc contiki-z1.a(rimeaddr.o)
                0x0000000000003af4                rimeaddr_set_node_addr
 .text.input_packet
                0x0000000000003b00        0x6 contiki-z1.a(csma.o)
 .text.on       0x0000000000003b06        0x6 contiki-z1.a(csma.o)
 .text.off      0x0000000000003b0c        0x6 contiki-z1.a(csma.o)
 .text.channel_check_interval
                0x0000000000003b12       0x10 contiki-z1.a(csma.o)
 .text.transmit_packet_list
                0x0000000000003b22       0x24 contiki-z1.a(csma.o)
 .text.free_first_packet
                0x0000000000003b46       0x9c contiki-z1.a(csma.o)
 .text.packet_sent
                0x0000000000003be2       0xea contiki-z1.a(csma.o)
 .text.init     0x0000000000003ccc       0x1a contiki-z1.a(csma.o)
 .text.send_packet
                0x0000000000003ce6      0x166 contiki-z1.a(csma.o)
 .text.duty_cycle
                0x0000000000003e4c        0x6 contiki-z1.a(contikimac.o)
 .text.init     0x0000000000003e52       0x32 contiki-z1.a(contikimac.o)
 .text.on       0x0000000000003e84       0x1a contiki-z1.a(contikimac.o)
 .text.off      0x0000000000003e9e       0x22 contiki-z1.a(contikimac.o)
 .text.recv_burst_off
                0x0000000000003ec0        0xa contiki-z1.a(contikimac.o)
 .text.powercycle_turn_radio_off
                0x0000000000003eca       0x14 contiki-z1.a(contikimac.o)
 .text.turn_off
                0x0000000000003ede       0x20 contiki-z1.a(contikimac.o)
 .text.turn_on  0x0000000000003efe       0x30 contiki-z1.a(contikimac.o)
 .text.schedule_powercycle_fixed
                0x0000000000003f2e       0x4c contiki-z1.a(contikimac.o)
 .text.powercycle
                0x0000000000003f7a      0x1ce contiki-z1.a(contikimac.o)
 .text.input_packet
                0x0000000000004148      0x100 contiki-z1.a(contikimac.o)
 .text.send_packet
                0x0000000000004248      0x26c contiki-z1.a(contikimac.o)
 .text.qsend_list
                0x00000000000044b4       0x7a contiki-z1.a(contikimac.o)
 .text.qsend_packet
                0x000000000000452e       0x22 contiki-z1.a(contikimac.o)
 .text.send_packet
                0x0000000000004550       0x44 contiki-z1.a(phase.o)
 .text.find_neighbor
                0x0000000000004594       0x2e contiki-z1.a(phase.o)
                0x0000000000004594                find_neighbor
 .text.phase_update
                0x00000000000045c2       0xac contiki-z1.a(phase.o)
                0x00000000000045c2                phase_update
 .text.phase_wait
                0x000000000000466e       0xe0 contiki-z1.a(phase.o)
                0x000000000000466e                phase_wait
 .text.phase_init
                0x000000000000474e       0x20 contiki-z1.a(phase.o)
                0x000000000000474e                phase_init
 .text.call_process
                0x000000000000476e       0x46 contiki-z1.a(process.o)
 .text.exit_process
                0x00000000000047b4       0x8a contiki-z1.a(process.o)
 .text.do_poll  0x000000000000483e       0x30 contiki-z1.a(process.o)
 .text.process_alloc_event
                0x000000000000486e        0xe contiki-z1.a(process.o)
                0x000000000000486e                process_alloc_event
 .text.process_init
                0x000000000000487c       0x1c contiki-z1.a(process.o)
                0x000000000000487c                process_init
 .text.process_run
                0x0000000000004898       0xa4 contiki-z1.a(process.o)
                0x0000000000004898                process_run
 .text.process_nevents
                0x000000000000493c        0xe contiki-z1.a(process.o)
                0x000000000000493c                process_nevents
 .text.process_post
                0x000000000000494a       0x50 contiki-z1.a(process.o)
                0x000000000000494a                process_post
 .text.process_post_synch
                0x000000000000499a       0x12 contiki-z1.a(process.o)
                0x000000000000499a                process_post_synch
 .text.process_start
                0x00000000000049ac       0x32 contiki-z1.a(process.o)
                0x00000000000049ac                process_start
 .text.process_poll
                0x00000000000049de       0x18 contiki-z1.a(process.o)
                0x00000000000049de                process_poll
 .text.autostart_start
                0x00000000000049f6       0x16 contiki-z1.a(autostart.o)
                0x00000000000049f6                autostart_start
 .text.memb_init
                0x0000000000004a0c       0x36 contiki-z1.a(memb.o)
                0x0000000000004a0c                memb_init
 .text.memb_alloc
                0x0000000000004a42       0x3e contiki-z1.a(memb.o)
                0x0000000000004a42                memb_alloc
 .text.memb_free
                0x0000000000004a80       0x3a contiki-z1.a(memb.o)
                0x0000000000004a80                memb_free
 .text.memb_inmemb
                0x0000000000004aba       0x2e contiki-z1.a(memb.o)
                0x0000000000004aba                memb_inmemb
 .text.timer_set
                0x0000000000004ae8       0x1c contiki-z1.a(timer.o)
                0x0000000000004ae8                timer_set
 .text.timer_reset
                0x0000000000004b04        0xe contiki-z1.a(timer.o)
                0x0000000000004b04                timer_reset
 .text.timer_restart
                0x0000000000004b12       0x14 contiki-z1.a(timer.o)
                0x0000000000004b12                timer_restart
 .text.timer_expired
                0x0000000000004b26       0x2a contiki-z1.a(timer.o)
                0x0000000000004b26                timer_expired
 .text.list_init
                0x0000000000004b50        0x6 contiki-z1.a(list.o)
                0x0000000000004b50                list_init
 .text.list_head
                0x0000000000004b56        0x4 contiki-z1.a(list.o)
                0x0000000000004b56                list_head
 .text.list_tail
                0x0000000000004b5a       0x12 contiki-z1.a(list.o)
                0x0000000000004b5a                list_tail
 .text.list_chop
                0x0000000000004b6c       0x24 contiki-z1.a(list.o)
                0x0000000000004b6c                list_chop
 .text.list_pop
                0x0000000000004b90        0xe contiki-z1.a(list.o)
                0x0000000000004b90                list_pop
 .text.list_remove
                0x0000000000004b9e       0x34 contiki-z1.a(list.o)
                0x0000000000004b9e                list_remove
 .text.list_push
                0x0000000000004bd2       0x16 contiki-z1.a(list.o)
                0x0000000000004bd2                list_push
 .text.list_add
                0x0000000000004be8       0x26 contiki-z1.a(list.o)
                0x0000000000004be8                list_add
 .text.list_length
                0x0000000000004c0e       0x10 contiki-z1.a(list.o)
                0x0000000000004c0e                list_length
 .text.list_item_next
                0x0000000000004c1e        0xc contiki-z1.a(list.o)
                0x0000000000004c1e                list_item_next
 .text.update_time
                0x0000000000004c2a       0x70 contiki-z1.a(etimer.o)
 .text.etimer_request_poll
                0x0000000000004c9a        0xa contiki-z1.a(etimer.o)
                0x0000000000004c9a                etimer_request_poll
 .text.process_thread_etimer_process
                0x0000000000004ca4       0xc0 contiki-z1.a(etimer.o)
 .text.add_timer
                0x0000000000004d64       0x38 contiki-z1.a(etimer.o)
 .text.etimer_set
                0x0000000000004d9c       0x12 contiki-z1.a(etimer.o)
                0x0000000000004d9c                etimer_set
 .text.etimer_reset
                0x0000000000004dae       0x12 contiki-z1.a(etimer.o)
                0x0000000000004dae                etimer_reset
 .text.etimer_restart
                0x0000000000004dc0       0x12 contiki-z1.a(etimer.o)
                0x0000000000004dc0                etimer_restart
 .text.etimer_expired
                0x0000000000004dd2        0xe contiki-z1.a(etimer.o)
                0x0000000000004dd2                etimer_expired
 .text.etimer_expiration_time
                0x0000000000004de0       0x14 contiki-z1.a(etimer.o)
                0x0000000000004de0                etimer_expiration_time
 .text.etimer_pending
                0x0000000000004df4        0xc contiki-z1.a(etimer.o)
                0x0000000000004df4                etimer_pending
 .text.etimer_next_expiration_time
                0x0000000000004e00       0x16 contiki-z1.a(etimer.o)
                0x0000000000004e00                etimer_next_expiration_time
 .text.etimer_stop
                0x0000000000004e16       0x3c contiki-z1.a(etimer.o)
                0x0000000000004e16                etimer_stop
 .text.process_thread_ctimer_process
                0x0000000000004e52       0x9c contiki-z1.a(ctimer.o)
 .text.ctimer_init
                0x0000000000004eee       0x18 contiki-z1.a(ctimer.o)
                0x0000000000004eee                ctimer_init
 .text.ctimer_set
                0x0000000000004f06       0x52 contiki-z1.a(ctimer.o)
                0x0000000000004f06                ctimer_set
 .text.ctimer_reset
                0x0000000000004f58       0x36 contiki-z1.a(ctimer.o)
                0x0000000000004f58                ctimer_reset
 .text.ctimer_stop
                0x0000000000004f8e       0x28 contiki-z1.a(ctimer.o)
                0x0000000000004f8e                ctimer_stop
 .text.energest_init
                0x0000000000004fb6       0x28 contiki-z1.a(energest.o)
                0x0000000000004fb6                energest_init
 .text.energest_type_time
                0x0000000000004fde       0x3c contiki-z1.a(energest.o)
                0x0000000000004fde                energest_type_time
 .text.energest_type_set
                0x000000000000501a        0xc contiki-z1.a(energest.o)
                0x000000000000501a                energest_type_set
 .text.energest_flush
                0x0000000000005026       0x38 contiki-z1.a(energest.o)
                0x0000000000005026                energest_flush
 .text.rtimer_init
                0x000000000000505e        0x6 contiki-z1.a(rtimer.o)
                0x000000000000505e                rtimer_init
 .text.rtimer_set
                0x0000000000005064       0x24 contiki-z1.a(rtimer.o)
                0x0000000000005064                rtimer_set
 .text.rtimer_run_next
                0x0000000000005088       0x26 contiki-z1.a(rtimer.o)
                0x0000000000005088                rtimer_run_next
 .text.random_rand
                0x00000000000050ae        0x6 contiki-z1.a(random.o)
                0x00000000000050ae                random_rand
 .text.packetbuf_copyto_hdr
                0x00000000000050b4       0x1c contiki-z1.a(packetbuf.o)
                0x00000000000050b4                packetbuf_copyto_hdr
 .text.packetbuf_copyto
                0x00000000000050d0       0x46 contiki-z1.a(packetbuf.o)
                0x00000000000050d0                packetbuf_copyto
 .text.packetbuf_hdr_remove
                0x0000000000005116        0x6 contiki-z1.a(packetbuf.o)
                0x0000000000005116                packetbuf_hdr_remove
 .text.packetbuf_hdrreduce
                0x000000000000511c       0x1a contiki-z1.a(packetbuf.o)
                0x000000000000511c                packetbuf_hdrreduce
 .text.packetbuf_set_datalen
                0x0000000000005136        0x6 contiki-z1.a(packetbuf.o)
                0x0000000000005136                packetbuf_set_datalen
 .text.packetbuf_dataptr
                0x000000000000513c        0xe contiki-z1.a(packetbuf.o)
                0x000000000000513c                packetbuf_dataptr
 .text.packetbuf_hdrptr
                0x000000000000514a        0xa contiki-z1.a(packetbuf.o)
                0x000000000000514a                packetbuf_hdrptr
 .text.packetbuf_is_reference
                0x0000000000005154        0xe contiki-z1.a(packetbuf.o)
                0x0000000000005154                packetbuf_is_reference
 .text.packetbuf_compact
                0x0000000000005162       0x48 contiki-z1.a(packetbuf.o)
                0x0000000000005162                packetbuf_compact
 .text.packetbuf_reference_ptr
                0x00000000000051aa        0x6 contiki-z1.a(packetbuf.o)
                0x00000000000051aa                packetbuf_reference_ptr
 .text.packetbuf_datalen
                0x00000000000051b0        0x6 contiki-z1.a(packetbuf.o)
                0x00000000000051b0                packetbuf_datalen
 .text.packetbuf_totlen
                0x00000000000051b6       0x10 contiki-z1.a(packetbuf.o)
                0x00000000000051b6                packetbuf_totlen
 .text.packetbuf_hdralloc
                0x00000000000051c6       0x2a contiki-z1.a(packetbuf.o)
                0x00000000000051c6                packetbuf_hdralloc
 .text.packetbuf_attr_clear
                0x00000000000051f0       0x2c contiki-z1.a(packetbuf.o)
                0x00000000000051f0                packetbuf_attr_clear
 .text.packetbuf_clear
                0x000000000000521c       0x1a contiki-z1.a(packetbuf.o)
                0x000000000000521c                packetbuf_clear
 .text.packetbuf_copyfrom
                0x0000000000005236       0x2a contiki-z1.a(packetbuf.o)
                0x0000000000005236                packetbuf_copyfrom
 .text.packetbuf_attr_copyto
                0x0000000000005260       0x22 contiki-z1.a(packetbuf.o)
                0x0000000000005260                packetbuf_attr_copyto
 .text.packetbuf_attr_copyfrom
                0x0000000000005282       0x24 contiki-z1.a(packetbuf.o)
                0x0000000000005282                packetbuf_attr_copyfrom
 .text.queuebuf_init
                0x00000000000052a6       0x1a contiki-z1.a(queuebuf.o)
                0x00000000000052a6                queuebuf_init
 .text.queuebuf_new_from_packetbuf
                0x00000000000052c0       0x7a contiki-z1.a(queuebuf.o)
                0x00000000000052c0                queuebuf_new_from_packetbuf
 .text.queuebuf_update_attr_from_packetbuf
                0x000000000000533a       0x12 contiki-z1.a(queuebuf.o)
                0x000000000000533a                queuebuf_update_attr_from_packetbuf
 .text.queuebuf_free
                0x000000000000534c       0x40 contiki-z1.a(queuebuf.o)
                0x000000000000534c                queuebuf_free
 .text.queuebuf_to_packetbuf
                0x000000000000538c       0x6a contiki-z1.a(queuebuf.o)
                0x000000000000538c                queuebuf_to_packetbuf
 .text.chksum   0x00000000000053f6       0x32 contiki-z1.a(uip6.o)
 .text.upper_layer_chksum
                0x0000000000005428       0x56 contiki-z1.a(uip6.o)
 .text.ext_hdr_options_process
                0x000000000000547e       0xcc contiki-z1.a(uip6.o)
 .text.uip_add32
                0x000000000000554a       0x64 contiki-z1.a(uip6.o)
                0x000000000000554a                uip_add32
 .text.unlikely.uip_add_rcv_nxt
                0x00000000000055ae       0x2e contiki-z1.a(uip6.o)
 .text.uip_icmp6chksum
                0x00000000000055dc        0xa contiki-z1.a(uip6.o)
                0x00000000000055dc                uip_icmp6chksum
 .text.uip_tcpchksum
                0x00000000000055e6        0xa contiki-z1.a(uip6.o)
                0x00000000000055e6                uip_tcpchksum
 .text.uip_udpchksum
                0x00000000000055f0        0xa contiki-z1.a(uip6.o)
                0x00000000000055f0                uip_udpchksum
 .text.uip_init
                0x00000000000055fa       0x5a contiki-z1.a(uip6.o)
                0x00000000000055fa                uip_init
 .text.remove_ext_hdr
                0x0000000000005654       0x46 contiki-z1.a(uip6.o)
                0x0000000000005654                remove_ext_hdr
 .text.uip_unlisten
                0x000000000000569a       0x2a contiki-z1.a(uip6.o)
                0x000000000000569a                uip_unlisten
 .text.uip_listen
                0x00000000000056c4       0x2c contiki-z1.a(uip6.o)
                0x00000000000056c4                uip_listen
 .text.uip_process
                0x00000000000056f0      0xe2a contiki-z1.a(uip6.o)
                0x00000000000056f0                uip_process
 .text.uip_htonl
                0x000000000000651a       0x2a contiki-z1.a(uip6.o)
                0x000000000000651a                uip_htonl
 .text.uip_send
                0x0000000000006544       0x4c contiki-z1.a(uip6.o)
                0x0000000000006544                uip_send
 .text.start_periodic_tcp_timer
                0x0000000000006590       0x16 contiki-z1.a(tcpip.o)
 .text.tcpip_output
                0x00000000000065a6       0x10 contiki-z1.a(tcpip.o)
                0x00000000000065a6                tcpip_output
 .text.tcpip_set_outputfunc
                0x00000000000065b6        0x6 contiki-z1.a(tcpip.o)
                0x00000000000065b6                tcpip_set_outputfunc
 .text.tcp_listen
                0x00000000000065bc       0x34 contiki-z1.a(tcpip.o)
                0x00000000000065bc                tcp_listen
 .text.tcp_attach
                0x00000000000065f0        0xc contiki-z1.a(tcpip.o)
                0x00000000000065f0                tcp_attach
 .text.tcpip_input
                0x00000000000065fc       0x16 contiki-z1.a(tcpip.o)
                0x00000000000065fc                tcpip_input
 .text.tcpip_ipv6_output
                0x0000000000006612      0x126 contiki-z1.a(tcpip.o)
                0x0000000000006612                tcpip_ipv6_output
 .text.process_thread_tcpip_process
                0x0000000000006738      0x1b6 contiki-z1.a(tcpip.o)
 .text.tcpip_uipcall
                0x00000000000068ee       0x72 contiki-z1.a(tcpip.o)
                0x00000000000068ee                tcpip_uipcall
 .text.psock_send
                0x0000000000006960       0xaa contiki-z1.a(psock.o)
                0x0000000000006960                psock_send
 .text.psock_datalen
                0x0000000000006a0a        0xc contiki-z1.a(psock.o)
                0x0000000000006a0a                psock_datalen
 .text.psock_newdata
                0x0000000000006a16       0x26 contiki-z1.a(psock.o)
                0x0000000000006a16                psock_newdata
 .text.psock_readto
                0x0000000000006a3c       0xde contiki-z1.a(psock.o)
                0x0000000000006a3c                psock_readto
 .text.psock_init
                0x0000000000006b1a       0x22 contiki-z1.a(psock.o)
                0x0000000000006b1a                psock_init
 .text.uip_icmp6_echo_request_input
                0x0000000000006b3c      0x128 contiki-z1.a(uip-icmp6.o)
                0x0000000000006b3c                uip_icmp6_echo_request_input
 .text.uip_icmp6_error_output
                0x0000000000006c64      0x166 contiki-z1.a(uip-icmp6.o)
                0x0000000000006c64                uip_icmp6_error_output
 .text.uip_icmp6_send
                0x0000000000006dca       0x86 contiki-z1.a(uip-icmp6.o)
                0x0000000000006dca                uip_icmp6_send
 .text.create_llao
                0x0000000000006e50       0x2c contiki-z1.a(uip-nd6.o)
 .text.uip_nd6_ns_input
                0x0000000000006e7c      0x21e contiki-z1.a(uip-nd6.o)
                0x0000000000006e7c                uip_nd6_ns_input
 .text.uip_nd6_ns_output
                0x000000000000709a      0x154 contiki-z1.a(uip-nd6.o)
                0x000000000000709a                uip_nd6_ns_output
 .text.uip_nd6_na_input
                0x00000000000071ee      0x1a0 contiki-z1.a(uip-nd6.o)
                0x00000000000071ee                uip_nd6_na_input
 .text.set_packet_attrs
                0x000000000000738e       0x44 contiki-z1.a(sicslowpan.o)
 .text.addr_context_lookup_by_number
                0x00000000000073d2       0x34 contiki-z1.a(sicslowpan.o)
 .text.compress_addr_64
                0x0000000000007406       0xaa contiki-z1.a(sicslowpan.o)
 .text.uncompress_addr
                0x00000000000074b0       0x96 contiki-z1.a(sicslowpan.o)
 .text.input    0x0000000000007546      0x59a contiki-z1.a(sicslowpan.o)
 .text.sicslowpan_init
                0x0000000000007ae0       0x26 contiki-z1.a(sicslowpan.o)
                0x0000000000007ae0                sicslowpan_init
 .text.addr_context_lookup_by_prefix
                0x0000000000007b06       0x4a contiki-z1.a(sicslowpan.o)
 .text.send_packet
                0x0000000000007b50       0x1a contiki-z1.a(sicslowpan.o)
 .text.output   0x0000000000007b6a      0x684 contiki-z1.a(sicslowpan.o)
 .text.packet_sent
                0x00000000000081ee       0x22 contiki-z1.a(sicslowpan.o)
 .text.neighbor_info_packet_sent
                0x0000000000008210       0xd4 contiki-z1.a(neighbor-info.o)
                0x0000000000008210                neighbor_info_packet_sent
 .text.neighbor_info_packet_received
                0x00000000000082e4       0x1a contiki-z1.a(neighbor-info.o)
                0x00000000000082e4                neighbor_info_packet_received
 .text.neighbor_info_subscribe
                0x00000000000082fe       0x28 contiki-z1.a(neighbor-info.o)
                0x00000000000082fe                neighbor_info_subscribe
 .text.uip_ds6_list_loop
                0x0000000000008326       0x66 contiki-z1.a(uip-ds6.o)
                0x0000000000008326                uip_ds6_list_loop
 .text.uip_ds6_nbr_rm
                0x000000000000838c        0xe contiki-z1.a(uip-ds6.o)
                0x000000000000838c                uip_ds6_nbr_rm
 .text.uip_ds6_nbr_add
                0x000000000000839a       0xf6 contiki-z1.a(uip-ds6.o)
                0x000000000000839a                uip_ds6_nbr_add
 .text.uip_ds6_nbr_lookup
                0x0000000000008490       0x3e contiki-z1.a(uip-ds6.o)
                0x0000000000008490                uip_ds6_nbr_lookup
 .text.uip_ds6_defrt_add
                0x00000000000084ce       0x70 contiki-z1.a(uip-ds6.o)
                0x00000000000084ce                uip_ds6_defrt_add
 .text.uip_ds6_defrt_rm
                0x000000000000853e        0xa contiki-z1.a(uip-ds6.o)
                0x000000000000853e                uip_ds6_defrt_rm
 .text.uip_ds6_defrt_lookup
                0x0000000000008548       0x28 contiki-z1.a(uip-ds6.o)
                0x0000000000008548                uip_ds6_defrt_lookup
 .text.uip_ds6_defrt_choose
                0x0000000000008570       0x4a contiki-z1.a(uip-ds6.o)
                0x0000000000008570                uip_ds6_defrt_choose
 .text.uip_ds6_prefix_add
                0x00000000000085ba       0x70 contiki-z1.a(uip-ds6.o)
                0x00000000000085ba                uip_ds6_prefix_add
 .text.uip_ds6_is_addr_onlink
                0x000000000000862a       0x42 contiki-z1.a(uip-ds6.o)
                0x000000000000862a                uip_ds6_is_addr_onlink
 .text.uip_ds6_addr_lookup
                0x000000000000866c       0x2a contiki-z1.a(uip-ds6.o)
                0x000000000000866c                uip_ds6_addr_lookup
 .text.uip_ds6_get_link_local
                0x0000000000008696       0x3e contiki-z1.a(uip-ds6.o)
                0x0000000000008696                uip_ds6_get_link_local
 .text.uip_ds6_maddr_add
                0x00000000000086d4       0x48 contiki-z1.a(uip-ds6.o)
                0x00000000000086d4                uip_ds6_maddr_add
 .text.uip_ds6_addr_add
                0x000000000000871c       0xb4 contiki-z1.a(uip-ds6.o)
                0x000000000000871c                uip_ds6_addr_add
 .text.uip_ds6_maddr_lookup
                0x00000000000087d0       0x2a contiki-z1.a(uip-ds6.o)
                0x00000000000087d0                uip_ds6_maddr_lookup
 .text.uip_ds6_addr_rm
                0x00000000000087fa       0x54 contiki-z1.a(uip-ds6.o)
                0x00000000000087fa                uip_ds6_addr_rm
 .text.uip_ds6_periodic
                0x000000000000884e      0x17e contiki-z1.a(uip-ds6.o)
                0x000000000000884e                uip_ds6_periodic
 .text.uip_ds6_route_lookup
                0x00000000000089cc       0x4c contiki-z1.a(uip-ds6.o)
                0x00000000000089cc                uip_ds6_route_lookup
 .text.uip_ds6_route_add
                0x0000000000008a18       0x72 contiki-z1.a(uip-ds6.o)
                0x0000000000008a18                uip_ds6_route_add
 .text.uip_ds6_route_rm
                0x0000000000008a8a        0x6 contiki-z1.a(uip-ds6.o)
                0x0000000000008a8a                uip_ds6_route_rm
 .text.uip_ds6_route_rm_by_nexthop
                0x0000000000008a90       0x3e contiki-z1.a(uip-ds6.o)
                0x0000000000008a90                uip_ds6_route_rm_by_nexthop
 .text.uip_ds6_set_addr_iid
                0x0000000000008ace       0x14 contiki-z1.a(uip-ds6.o)
                0x0000000000008ace                uip_ds6_set_addr_iid
 .text.get_match_length
                0x0000000000008ae2       0x3a contiki-z1.a(uip-ds6.o)
                0x0000000000008ae2                get_match_length
 .text.uip_ds6_select_src
                0x0000000000008b1c       0x9a contiki-z1.a(uip-ds6.o)
                0x0000000000008b1c                uip_ds6_select_src
 .text.uip_ds6_compute_reachable_time
                0x0000000000008bb6       0x36 contiki-z1.a(uip-ds6.o)
                0x0000000000008bb6                uip_ds6_compute_reachable_time
 .text.uip_ds6_init
                0x0000000000008bec      0x15a contiki-z1.a(uip-ds6.o)
                0x0000000000008bec                uip_ds6_init
 .text.process_thread_webserver_nogui_process
                0x0000000000008d46       0x3c contiki-z1.a(webserver-nogui)
 .text.init_platform
                0x0000000000008d82        0xc contiki-z1.a(contiki-z1-plat)
                0x0000000000008d82                init_platform
 .text.msp430_quick_synch_dco
                0x0000000000008d8e       0x7e contiki-z1.a(msp430.o)
                0x0000000000008d8e                msp430_quick_synch_dco
 .text.msp430_cpu_init
                0x0000000000008e0c       0x26 contiki-z1.a(msp430.o)
                0x0000000000008e0c                msp430_cpu_init
 .text.splhigh_
                0x0000000000008e32        0x8 contiki-z1.a(msp430.o)
                0x0000000000008e32                splhigh_
 .text.show_leds
                0x0000000000008e3a       0xf8 contiki-z1.a(leds.o)
 .text.leds_init
                0x0000000000008f32        0xe contiki-z1.a(leds.o)
                0x0000000000008f32                leds_init
 .text.leds_on  0x0000000000008f40       0x14 contiki-z1.a(leds.o)
                0x0000000000008f40                leds_on
 .text.leds_off
                0x0000000000008f54       0x14 contiki-z1.a(leds.o)
                0x0000000000008f54                leds_off
 .text.watchdog_interrupt
                0x0000000000008f68        0x6 contiki-z1.a(watchdog.o)
                0x0000000000008f68                __isr_26
                0x0000000000008f68                watchdog_interrupt
 .text.watchdog_start
                0x0000000000008f6e       0x14 contiki-z1.a(watchdog.o)
                0x0000000000008f6e                watchdog_start
 .text.watchdog_periodic
                0x0000000000008f82       0x12 contiki-z1.a(watchdog.o)
                0x0000000000008f82                watchdog_periodic
 .text.watchdog_stop
                0x0000000000008f94       0x16 contiki-z1.a(watchdog.o)
                0x0000000000008f94                watchdog_stop
 .text.watchdog_init
                0x0000000000008faa       0x14 contiki-z1.a(watchdog.o)
                0x0000000000008faa                watchdog_init
 .text.wait_ready
                0x0000000000008fbe       0x4e contiki-z1.a(xmem.o)
 .text.xmem_init
                0x000000000000900c       0x1e contiki-z1.a(xmem.o)
                0x000000000000900c                xmem_init
 .text.xmem_pread
                0x000000000000902a       0xd0 contiki-z1.a(xmem.o)
                0x000000000000902a                xmem_pread
 .text.spi_init
                0x00000000000090fa       0x38 contiki-z1.a(spi.o)
                0x00000000000090fa                spi_init
 .text.strobe   0x0000000000009132       0x20 contiki-z1.a(cc2420.o)
 .text.status   0x0000000000009152       0x26 contiki-z1.a(cc2420.o)
 .text.getreg   0x0000000000009178       0x50 contiki-z1.a(cc2420.o)
 .text.setreg   0x00000000000091c8       0x52 contiki-z1.a(cc2420.o)
 .text.set_txpower
                0x000000000000921a       0x26 contiki-z1.a(cc2420.o)
 .text.cc2420_receiving_packet
                0x0000000000009240        0xe contiki-z1.a(cc2420.o)
 .text.pending_packet
                0x000000000000924e        0xe contiki-z1.a(cc2420.o)
 .text.on       0x000000000000925c       0x40 contiki-z1.a(cc2420.o)
 .text.flushrx  0x000000000000929c       0x78 contiki-z1.a(cc2420.o)
 .text.off      0x0000000000009314       0x6e contiki-z1.a(cc2420.o)
 .text.RELEASE_LOCK
                0x0000000000009382       0x28 contiki-z1.a(cc2420.o)
 .text.cc2420_prepare
                0x00000000000093aa       0x8e contiki-z1.a(cc2420.o)
 .text.getrxdata
                0x0000000000009438       0x54 contiki-z1.a(cc2420.o)
 .text.cc2420_on
                0x000000000000948c       0x22 contiki-z1.a(cc2420.o)
                0x000000000000948c                cc2420_on
 .text.cc2420_off
                0x00000000000094ae       0x30 contiki-z1.a(cc2420.o)
                0x00000000000094ae                cc2420_off
 .text.cc2420_cca
                0x00000000000094de       0x70 contiki-z1.a(cc2420.o)
 .text.cc2420_read
                0x000000000000954e      0x110 contiki-z1.a(cc2420.o)
 .text.process_thread_cc2420_process
                0x000000000000965e       0x50 contiki-z1.a(cc2420.o)
 .text.cc2420_set_channel
                0x00000000000096ae       0x70 contiki-z1.a(cc2420.o)
                0x00000000000096ae                cc2420_set_channel
 .text.cc2420_set_pan_addr
                0x000000000000971e      0x13e contiki-z1.a(cc2420.o)
                0x000000000000971e                cc2420_set_pan_addr
 .text.cc2420_init
                0x000000000000985c       0xd0 contiki-z1.a(cc2420.o)
                0x000000000000985c                cc2420_init
 .text.cc2420_interrupt
                0x000000000000992c       0x20 contiki-z1.a(cc2420.o)
                0x000000000000992c                cc2420_interrupt
 .text.cc2420_set_txpower
                0x000000000000994c        0xe contiki-z1.a(cc2420.o)
                0x000000000000994c                cc2420_set_txpower
 .text.cc2420_get_txpower
                0x000000000000995a       0x1e contiki-z1.a(cc2420.o)
                0x000000000000995a                cc2420_get_txpower
 .text.cc2420_transmit
                0x0000000000009978      0x19e contiki-z1.a(cc2420.o)
 .text.cc2420_send
                0x0000000000009b16       0x12 contiki-z1.a(cc2420.o)
 .text.cc2420_arch_init
                0x0000000000009b28       0x1a contiki-z1.a(cc2420-arch.o)
                0x0000000000009b28                cc2420_arch_init
 .text.node_id_restore
                0x0000000000009b42       0x4c contiki-z1.a(node-id.o)
                0x0000000000009b42                node_id_restore
 .text.process_thread_sensors_process
                0x0000000000009b8e       0xbe contiki-z1.a(sensors.o)
 .text.sensors_changed
                0x0000000000009c4c       0x2a contiki-z1.a(sensors.o)
                0x0000000000009c4c                sensors_changed
 .text.status   0x0000000000009c76       0x16 contiki-z1.a(button-sensor.o)
 .text.configure
                0x0000000000009c8c       0x52 contiki-z1.a(button-sensor.o)
 .text.value    0x0000000000009cde       0x22 contiki-z1.a(button-sensor.o)
 .text.irq_p2   0x0000000000009d00       0x76 contiki-z1.a(button-sensor.o)
                0x0000000000009d00                irq_p2
                0x0000000000009d00                __isr_19
 .text.uart0_active
                0x0000000000009d76        0xe contiki-z1.a(uart0.o)
                0x0000000000009d76                uart0_active
 .text.uart0_writeb
                0x0000000000009d84       0x18 contiki-z1.a(uart0.o)
                0x0000000000009d84                uart0_writeb
 .text.uart0_init
                0x0000000000009d9c       0x48 contiki-z1.a(uart0.o)
                0x0000000000009d9c                uart0_init
 .text.uart0_rx_interrupt
                0x0000000000009de4       0x66 contiki-z1.a(uart0.o)
                0x0000000000009de4                __isr_23
                0x0000000000009de4                uart0_rx_interrupt
 .text.putchar  0x0000000000009e4a       0x10 contiki-z1.a(uart0-putchar.o)
                0x0000000000009e4a                putchar
 .text.accm_write_reg
                0x0000000000009e5a       0x2e contiki-z1.a(adxl345.o)
                0x0000000000009e5a                accm_write_reg
 .text.accm_write_stream
                0x0000000000009e88       0x2a contiki-z1.a(adxl345.o)
                0x0000000000009e88                accm_write_stream
 .text.accm_read_reg
                0x0000000000009eb2       0x54 contiki-z1.a(adxl345.o)
                0x0000000000009eb2                accm_read_reg
 .text.process_thread_accmeter_process
                0x0000000000009f06       0x56 contiki-z1.a(adxl345.o)
 .text.accm_init
                0x0000000000009f5c       0x8a contiki-z1.a(adxl345.o)
                0x0000000000009f5c                accm_init
 .text.port1_isr
                0x0000000000009fe6       0xc4 contiki-z1.a(adxl345.o)
                0x0000000000009fe6                port1_isr
                0x0000000000009fe6                __isr_18
 .text.timera1  0x000000000000a0aa       0xea contiki-z1.a(clock.o)
                0x000000000000a0aa                __isr_24
                0x000000000000a0aa                timera1
 .text.clock_time
                0x000000000000a194       0x1a contiki-z1.a(clock.o)
                0x000000000000a194                clock_time
 .text.clock_init
                0x000000000000a1ae       0x28 contiki-z1.a(clock.o)
                0x000000000000a1ae                clock_init
 .text.clock_delay
                0x000000000000a1d6        0xc contiki-z1.a(clock.o)
                0x000000000000a1d6                clock_delay
 .text.clock_wait
                0x000000000000a1e2       0x28 contiki-z1.a(clock.o)
                0x000000000000a1e2                clock_wait
 .text.clock_seconds
                0x000000000000a20a       0x1a contiki-z1.a(clock.o)
                0x000000000000a20a                clock_seconds
 .text.leds_arch_init
                0x000000000000a224        0xe contiki-z1.a(leds-arch.o)
                0x000000000000a224                leds_arch_init
 .text.leds_arch_set
                0x000000000000a232       0x3a contiki-z1.a(leds-arch.o)
                0x000000000000a232                leds_arch_set
 .text.rtimer_arch_init
                0x000000000000a26c        0xe contiki-z1.a(rtimer-arch.o)
                0x000000000000a26c                rtimer_arch_init
 .text.rtimer_arch_now
                0x000000000000a27a        0xe contiki-z1.a(rtimer-arch.o)
                0x000000000000a27a                rtimer_arch_now
 .text.timera0  0x000000000000a288       0x5c contiki-z1.a(rtimer-arch.o)
                0x000000000000a288                __isr_25
                0x000000000000a288                timera0
 .text.rtimer_arch_schedule
                0x000000000000a2e4        0x6 contiki-z1.a(rtimer-arch.o)
                0x000000000000a2e4                rtimer_arch_schedule
 .text.mac_call_sent_callback
                0x000000000000a2ea       0x14 contiki-z1.a(mac.o)
                0x000000000000a2ea                mac_call_sent_callback
 .text.parse    0x000000000000a2fe       0xaa contiki-z1.a(framer-802154.o)
 .text.create   0x000000000000a3a8      0x112 contiki-z1.a(framer-802154.o)
 .text.rpl_link_neighbor_callback
                0x000000000000a4ba       0x82 contiki-z1.a(rpl.o)
 .text.rpl_purge_routes
                0x000000000000a53c       0x50 contiki-z1.a(rpl.o)
                0x000000000000a53c                rpl_purge_routes
 .text.rpl_remove_routes
                0x000000000000a58c       0x32 contiki-z1.a(rpl.o)
                0x000000000000a58c                rpl_remove_routes
 .text.rpl_remove_routes_by_nexthop
                0x000000000000a5be       0x3c contiki-z1.a(rpl.o)
                0x000000000000a5be                rpl_remove_routes_by_nexthop
 .text.rpl_add_route
                0x000000000000a5fa       0x62 contiki-z1.a(rpl.o)
                0x000000000000a5fa                rpl_add_route
 .text.rpl_ipv6_neighbor_callback
                0x000000000000a65c       0x26 contiki-z1.a(rpl.o)
                0x000000000000a65c                rpl_ipv6_neighbor_callback
 .text.rpl_init
                0x000000000000a682       0x44 contiki-z1.a(rpl.o)
                0x000000000000a682                rpl_init
 .text.lollipop_greater_than
                0x000000000000a6c6       0x44 contiki-z1.a(rpl-dag.o)
 .text.acceptable_rank
                0x000000000000a70a       0x44 contiki-z1.a(rpl-dag.o)
 .text.find_parent_dag
                0x000000000000a74e       0x4e contiki-z1.a(rpl-dag.o)
 .text.set_ip_from_prefix
                0x000000000000a79c       0x30 contiki-z1.a(rpl-dag.o)
 .text.check_prefix
                0x000000000000a7cc       0x70 contiki-z1.a(rpl-dag.o)
 .text.rpl_set_default_route
                0x000000000000a83c       0x50 contiki-z1.a(rpl-dag.o)
                0x000000000000a83c                rpl_set_default_route
 .text.rpl_alloc_instance
                0x000000000000a88c       0x2c contiki-z1.a(rpl-dag.o)
                0x000000000000a88c                rpl_alloc_instance
 .text.rpl_add_parent
                0x000000000000a8b8       0x6a contiki-z1.a(rpl-dag.o)
                0x000000000000a8b8                rpl_add_parent
 .text.rpl_find_parent
                0x000000000000a922       0x30 contiki-z1.a(rpl-dag.o)
                0x000000000000a922                rpl_find_parent
 .text.rpl_find_parent_any_dag
                0x000000000000a952       0x4e contiki-z1.a(rpl-dag.o)
                0x000000000000a952                rpl_find_parent_any_dag
 .text.rpl_select_parent
                0x000000000000a9a0       0x40 contiki-z1.a(rpl-dag.o)
                0x000000000000a9a0                rpl_select_parent
 .text.rpl_select_dag
                0x000000000000a9e0      0x15c contiki-z1.a(rpl-dag.o)
                0x000000000000a9e0                rpl_select_dag
 .text.rpl_nullify_parent
                0x000000000000ab3c       0x44 contiki-z1.a(rpl-dag.o)
                0x000000000000ab3c                rpl_nullify_parent
 .text.rpl_remove_parent
                0x000000000000ab80       0x22 contiki-z1.a(rpl-dag.o)
                0x000000000000ab80                rpl_remove_parent
 .text.remove_parents.constprop.3
                0x000000000000aba2       0x22 contiki-z1.a(rpl-dag.o)
 .text.rpl_free_dag
                0x000000000000abc4       0x36 contiki-z1.a(rpl-dag.o)
                0x000000000000abc4                rpl_free_dag
 .text.rpl_free_instance
                0x000000000000abfa       0x54 contiki-z1.a(rpl-dag.o)
                0x000000000000abfa                rpl_free_instance
 .text.rpl_move_parent
                0x000000000000ac4e       0x6a contiki-z1.a(rpl-dag.o)
                0x000000000000ac4e                rpl_move_parent
 .text.rpl_get_any_dag
                0x000000000000acb8       0x18 contiki-z1.a(rpl-dag.o)
                0x000000000000acb8                rpl_get_any_dag
 .text.rpl_get_instance
                0x000000000000acd0       0x1a contiki-z1.a(rpl-dag.o)
                0x000000000000acd0                rpl_get_instance
 .text.get_dag  0x000000000000acea       0x4e contiki-z1.a(rpl-dag.o)
 .text.rpl_alloc_dag
                0x000000000000ad38       0x70 contiki-z1.a(rpl-dag.o)
                0x000000000000ad38                rpl_alloc_dag
 .text.rpl_find_of
                0x000000000000ada8       0x10 contiki-z1.a(rpl-dag.o)
                0x000000000000ada8                rpl_find_of
 .text.rpl_join_instance
                0x000000000000adb8      0x126 contiki-z1.a(rpl-dag.o)
                0x000000000000adb8                rpl_join_instance
 .text.rpl_local_repair
                0x000000000000aede       0x50 contiki-z1.a(rpl-dag.o)
                0x000000000000aede                rpl_local_repair
 .text.rpl_process_parent_event
                0x000000000000af2e       0x52 contiki-z1.a(rpl-dag.o)
                0x000000000000af2e                rpl_process_parent_event
 .text.rpl_recalculate_ranks
                0x000000000000af80       0x46 contiki-z1.a(rpl-dag.o)
                0x000000000000af80                rpl_recalculate_ranks
 .text.rpl_add_dag
                0x000000000000afc6       0xfa contiki-z1.a(rpl-dag.o)
                0x000000000000afc6                rpl_add_dag
 .text.rpl_process_dio
                0x000000000000b0c0      0x1fc contiki-z1.a(rpl-dag.o)
                0x000000000000b0c0                rpl_process_dio
 .text.get32    0x000000000000b2bc       0x3e contiki-z1.a(rpl-icmp6.o)
 .text.set32    0x000000000000b2fa       0x2a contiki-z1.a(rpl-icmp6.o)
 .text.get16    0x000000000000b324        0xe contiki-z1.a(rpl-icmp6.o)
 .text.set16    0x000000000000b332       0x10 contiki-z1.a(rpl-icmp6.o)
 .text.dis_output
                0x000000000000b342       0x50 contiki-z1.a(rpl-icmp6.o)
                0x000000000000b342                dis_output
 .text.dio_output
                0x000000000000b392      0x22c contiki-z1.a(rpl-icmp6.o)
                0x000000000000b392                dio_output
 .text.dao_output
                0x000000000000b5be       0xf6 contiki-z1.a(rpl-icmp6.o)
                0x000000000000b5be                dao_output
 .text.dao_ack_output
                0x000000000000b6b4       0x32 contiki-z1.a(rpl-icmp6.o)
                0x000000000000b6b4                dao_ack_output
 .text.uip_rpl_input
                0x000000000000b6e6      0x4d2 contiki-z1.a(rpl-icmp6.o)
                0x000000000000b6e6                uip_rpl_input
 .text.new_dio_interval
                0x000000000000bbb8       0x8a contiki-z1.a(rpl-timers.o)
 .text.handle_periodic_timer
                0x000000000000bc42       0x2e contiki-z1.a(rpl-timers.o)
 .text.handle_dao_timer
                0x000000000000bc70       0x50 contiki-z1.a(rpl-timers.o)
 .text.handle_dio_timer
                0x000000000000bcc0       0x82 contiki-z1.a(rpl-timers.o)
 .text.rpl_reset_periodic_timer
                0x000000000000bd42       0x1e contiki-z1.a(rpl-timers.o)
                0x000000000000bd42                rpl_reset_periodic_timer
 .text.rpl_reset_dio_timer
                0x000000000000bd60       0x18 contiki-z1.a(rpl-timers.o)
                0x000000000000bd60                rpl_reset_dio_timer
 .text.rpl_schedule_dao
                0x000000000000bd78       0x4c contiki-z1.a(rpl-timers.o)
                0x000000000000bd78                rpl_schedule_dao
 .text.reset    0x000000000000bdc4        0x2 contiki-z1.a(rpl-of-etx.o)
 .text.parent_state_callback
                0x000000000000bdc6        0x2 contiki-z1.a(rpl-of-etx.o)
 .text.calculate_rank
                0x000000000000bdc8       0x50 contiki-z1.a(rpl-of-etx.o)
 .text.calculate_path_metric
                0x000000000000be18       0x3c contiki-z1.a(rpl-of-etx.o)
 .text.best_parent
                0x000000000000be54       0x46 contiki-z1.a(rpl-of-etx.o)
 .text.update_metric_container
                0x000000000000be9a       0x40 contiki-z1.a(rpl-of-etx.o)
 .text.best_dag
                0x000000000000beda       0x34 contiki-z1.a(rpl-of-etx.o)
 .text.rpl_verify_header
                0x000000000000bf0e       0x86 contiki-z1.a(rpl-ext-header.)
                0x000000000000bf0e                rpl_verify_header
 .text.rpl_update_header_empty
                0x000000000000bf94       0xb0 contiki-z1.a(rpl-ext-header.)
                0x000000000000bf94                rpl_update_header_empty
 .text.rpl_update_header_final
                0x000000000000c044       0x86 contiki-z1.a(rpl-ext-header.)
                0x000000000000c044                rpl_update_header_final
 .text.rpl_invert_header
                0x000000000000c0ca       0x4c contiki-z1.a(rpl-ext-header.)
                0x000000000000c0ca                rpl_invert_header
 .text.stimer_set
                0x000000000000c116       0x1c contiki-z1.a(stimer.o)
                0x000000000000c116                stimer_set
 .text.stimer_expired
                0x000000000000c132       0x30 contiki-z1.a(stimer.o)
                0x000000000000c132                stimer_expired
 .text.neighbor_addr_get
                0x000000000000c162       0x3e contiki-z1.a(neighbor-attr.o)
 .text.set_attr
                0x000000000000c1a0       0x54 contiki-z1.a(neighbor-attr.o)
 .text.neighbor_attr_register
                0x000000000000c1f4       0x30 contiki-z1.a(neighbor-attr.o)
                0x000000000000c1f4                neighbor_attr_register
 .text.neighbor_attr_has_neighbor
                0x000000000000c224       0x10 contiki-z1.a(neighbor-attr.o)
                0x000000000000c224                neighbor_attr_has_neighbor
 .text.neighbor_attr_add_neighbor
                0x000000000000c234       0x78 contiki-z1.a(neighbor-attr.o)
                0x000000000000c234                neighbor_attr_add_neighbor
 .text.neighbor_attr_get_data
                0x000000000000c2ac       0x32 contiki-z1.a(neighbor-attr.o)
                0x000000000000c2ac                neighbor_attr_get_data
 .text.neighbor_attr_set_data
                0x000000000000c2de       0x5c contiki-z1.a(neighbor-attr.o)
                0x000000000000c2de                neighbor_attr_set_data
 .text.i2c_receiveinit
                0x000000000000c33a       0x36 contiki-z1.a(i2cmaster.o)
                0x000000000000c33a                i2c_receiveinit
 .text.i2c_transmitinit
                0x000000000000c370       0x30 contiki-z1.a(i2cmaster.o)
                0x000000000000c370                i2c_transmitinit
 .text.i2c_receive_n
                0x000000000000c3a0       0x44 contiki-z1.a(i2cmaster.o)
                0x000000000000c3a0                i2c_receive_n
 .text.i2c_busy
                0x000000000000c3e4        0xa contiki-z1.a(i2cmaster.o)
                0x000000000000c3e4                i2c_busy
 .text.i2c_enable
                0x000000000000c3ee       0x24 contiki-z1.a(i2cmaster.o)
                0x000000000000c3ee                i2c_enable
 .text.i2c_transmit_n
                0x000000000000c412       0x14 contiki-z1.a(i2cmaster.o)
                0x000000000000c412                i2c_transmit_n
 .text.i2c_tx_interrupt
                0x000000000000c426       0x82 contiki-z1.a(i2cmaster.o)
                0x000000000000c426                __isr_16
                0x000000000000c426                i2c_tx_interrupt
 .text.i2c_rx_interrupt
                0x000000000000c4a8       0x18 contiki-z1.a(i2cmaster.o)
                0x000000000000c4a8                i2c_rx_interrupt
                0x000000000000c4a8                __isr_17
 .text.field_len
                0x000000000000c4c0       0x94 contiki-z1.a(frame802154.o)
 .text.frame802154_hdrlen
                0x000000000000c554       0x26 contiki-z1.a(frame802154.o)
                0x000000000000c554                frame802154_hdrlen
 .text.frame802154_create
                0x000000000000c57a      0x136 contiki-z1.a(frame802154.o)
                0x000000000000c57a                frame802154_create
 .text.frame802154_parse
                0x000000000000c6b0      0x198 contiki-z1.a(frame802154.o)
                0x000000000000c6b0                frame802154_parse
 .text.libgcc   0x000000000000c848       0x2a /usr/lib/gcc/msp430/4.6.3/mcpu-430x/mmpy-16/libgcc.a(_mulsi3.o)
                0x000000000000c848                __mulsi3
 .text.libgcc   0x000000000000c872       0x22 /usr/lib/gcc/msp430/4.6.3/mcpu-430x/mmpy-16/libgcc.a(_udivmod16.o)
                0x000000000000c872                __udivhi3
                0x000000000000c872                __ext_udivmod16
                0x000000000000c88c                __umodhi3
 .text.libgcc   0x000000000000c894       0x38 /usr/lib/gcc/msp430/4.6.3/mcpu-430x/mmpy-16/libgcc.a(_udivmod32.o)
                0x000000000000c894                __udivsi3
                0x000000000000c894                __ext_udivmod32
                0x000000000000c8c2                __umodsi3
 .text          0x000000000000c8cc       0x28 /usr/lib/gcc/msp430/4.6.3/../../../../msp430/lib/mcpu-430x/mmpy-16/libc.a(strncmp.o)
                0x000000000000c8cc                strncmp
 .text          0x000000000000c8f4       0x20 /usr/lib/gcc/msp430/4.6.3/../../../../msp430/lib/mcpu-430x/mmpy-16/libc.a(memcmp.o)
                0x000000000000c8f4                memcmp
 .text          0x000000000000c914       0x2a /usr/lib/gcc/msp430/4.6.3/../../../../msp430/lib/mcpu-430x/mmpy-16/libc.a(strncpy.o)
                0x000000000000c914                strncpy
 .text          0x000000000000c93e       0xe4 /usr/lib/gcc/msp430/4.6.3/../../../../msp430/lib/mcpu-430x/mmpy-16/libc.a(memcpy.o)
                0x000000000000c93e                memcpy
 .text          0x000000000000ca22       0xe4 /usr/lib/gcc/msp430/4.6.3/../../../../msp430/lib/mcpu-430x/mmpy-16/libc.a(memmove.o)
                0x000000000000ca22                memmove
 .text          0x000000000000cb06       0x5c /usr/lib/gcc/msp430/4.6.3/../../../../msp430/lib/mcpu-430x/mmpy-16/libc.a(memset.o)
                0x000000000000cb06                memset
 .text          0x000000000000cb62       0x1e /usr/lib/gcc/msp430/4.6.3/../../../../msp430/lib/mcpu-430x/mmpy-16/libc.a(printf.o)
                0x000000000000cb62                printf
                0x000000000000cb72                vprintf
 .text          0x000000000000cb80       0xb8 /usr/lib/gcc/msp430/4.6.3/../../../../msp430/lib/mcpu-430x/mmpy-16/libc.a(sprintf.o)
                0x000000000000cbda                sprintf
                0x000000000000cbf6                snprintf
                0x000000000000cc10                vsprintf
                0x000000000000cc26                vsnprintf
 .text          0x000000000000cc38      0x818 /usr/lib/gcc/msp430/4.6.3/../../../../msp430/lib/mcpu-430x/mmpy-16/libc.a(vuprintf.o)
                0x000000000000cdb4                vuprintf
 .text          0x000000000000d450       0x2c /usr/lib/gcc/msp430/4.6.3/../../../../msp430/lib/mcpu-430x/mmpy-16/libc.a(puts.o)
                0x000000000000d450                puts
 .text          0x000000000000d47c       0x54 /usr/lib/gcc/msp430/4.6.3/../../../../msp430/lib/mcpu-430x/mmpy-16/libc.a(rand.o)
                0x000000000000d47c                rand_r
                0x000000000000d4a0                rand
                0x000000000000d4c6                srand
 .text.libgcc   0x000000000000d4d0       0xbc /usr/lib/gcc/msp430/4.6.3/mcpu-430x/mmpy-16/libgcc.a(_udivmod64.o)
                0x000000000000d4d0                __xabi_udivmod64
                0x000000000000d522                __udivdi3
                0x000000000000d53c                __umoddi3
                0x000000000000d55e                __udivmoddi4
 .text.crt0     0x000000000000d58c        0x2 /usr/lib/gcc/msp430/4.6.3/mcpu-430x/mmpy-16/libcrt0.a(_unexpected_.o)
                0x000000000000d58c                _unexpected_
                0x000000000000d58e                . = ALIGN (0x2)

.rodata         0x000000000000d58e      0x51c
                0x000000000000d58e                . = ALIGN (0x2)
 *(.rodata .rodata.* .gnu.linkonce.r.*)
 .rodata        0x000000000000d58e      0x19e z1-websense.co
                0x000000000000d718                autostart_processes
 .rodata        0x000000000000d72c      0x139 obj_z1/httpd-simple.o
                0x000000000000d785                http_index_html
                0x000000000000d791                http_get
                0x000000000000d796                http_header_404
                0x000000000000d7f3                http_header_200
                0x000000000000d849                http_content_type_html
 .rodata        0x000000000000d865      0x10b obj_z1/contiki-z1-main.o
 .rodata        0x000000000000d970        0x8 contiki-z1.a(rimeaddr.o)
                0x000000000000d970                rimeaddr_null
 .rodata        0x000000000000d978       0x14 contiki-z1.a(csma.o)
                0x000000000000d97e                csma_driver
 .rodata        0x000000000000d98c       0x46 contiki-z1.a(contikimac.o)
                0x000000000000d9c2                contikimac_driver
 .rodata        0x000000000000d9d2        0xc contiki-z1.a(etimer.o)
 .rodata        0x000000000000d9de        0xf contiki-z1.a(ctimer.o)
 *fill*         0x000000000000d9ed        0x1 00
 .rodata        0x000000000000d9ee       0x20 contiki-z1.a(uip6.o)
 .rodata        0x000000000000da0e        0xd contiki-z1.a(tcpip.o)
 *fill*         0x000000000000da1b        0x1 00
 .rodata        0x000000000000da1c       0x24 contiki-z1.a(sicslowpan.o)
                0x000000000000da28                sicslowpan_driver
                0x000000000000da2e                llprefix
                0x000000000000da30                unc_mxconf
                0x000000000000da34                unc_ctxconf
                0x000000000000da38                unc_llconf
 .rodata        0x000000000000da40        0xb contiki-z1.a(webserver-nogui)
 *fill*         0x000000000000da4b        0x1 00
 .rodata        0x000000000000da4c       0x22 contiki-z1.a(cc2420.o)
                0x000000000000da4c                cc2420_driver
 .rodata        0x000000000000da6e        0x8 contiki-z1.a(sensors.o)
 .rodata        0x000000000000da76       0x10 contiki-z1.a(button-sensor.o)
                0x000000000000da7e                button_sensor
 .rodata        0x000000000000da86       0x16 contiki-z1.a(adxl345.o)
 .rodata        0x000000000000da9c        0x4 contiki-z1.a(framer-802154.o)
                0x000000000000da9c                framer_802154
 .rodata        0x000000000000daa0        0x2 contiki-z1.a(frame802154.o)
 .rodata        0x000000000000daa2        0x7 /usr/lib/gcc/msp430/4.6.3/../../../../msp430/lib/mcpu-430x/mmpy-16/libc.a(vuprintf.o)
                0x000000000000daaa                . = ALIGN (0x2)
 *fill*         0x000000000000daa9        0x1 00
                0x000000000000daaa                _etext = .

.data           0x0000000000001100       0xee load address 0x000000000000daaa
                0x0000000000001100                . = ALIGN (0x2)
                0x0000000000001100                PROVIDE (__data_start, .)
 *(.data .data.* .gnu.linkonce.d.*)
 .data          0x0000000000001100        0xa z1-websense.co
                0x0000000000001100                web_sense_process
 .data          0x000000000000110a        0x8 obj_z1/httpd-simple.o
 .data          0x0000000000001112        0x4 obj_z1/contiki-z1-main.o
                0x0000000000001112                sensors
 .data          0x0000000000001116       0x18 contiki-z1.a(csma.o)
 .data          0x000000000000112e        0xe contiki-z1.a(contikimac.o)
                0x000000000000112e                phase_list
 .data          0x000000000000113c        0x8 contiki-z1.a(phase.o)
 .data          0x0000000000001144        0xa contiki-z1.a(etimer.o)
                0x0000000000001144                etimer_process
 .data          0x000000000000114e        0xa contiki-z1.a(ctimer.o)
                0x000000000000114e                ctimer_process
 .data          0x0000000000001158       0x18 contiki-z1.a(queuebuf.o)
 .data          0x0000000000001170        0xa contiki-z1.a(tcpip.o)
                0x0000000000001170                tcpip_process
 .data          0x000000000000117a       0x10 contiki-z1.a(neighbor-info.o)
                0x000000000000117a                attr_timestamp
                0x0000000000001182                attr_etx
 .data          0x000000000000118a        0xa contiki-z1.a(webserver-nogui)
                0x000000000000118a                webserver_nogui_process
 .data          0x0000000000001194        0x2 contiki-z1.a(msp430.o)
 .data          0x0000000000001196        0xa contiki-z1.a(cc2420.o)
                0x0000000000001196                cc2420_process
 .data          0x00000000000011a0        0xa contiki-z1.a(sensors.o)
                0x00000000000011a0                sensors_process
 .data          0x00000000000011aa       0x20 contiki-z1.a(adxl345.o)
                0x00000000000011aa                accmeter_process
 .data          0x00000000000011ca        0x8 contiki-z1.a(rpl-dag.o)
 .data          0x00000000000011d2        0x1 contiki-z1.a(rpl-icmp6.o)
 *fill*         0x00000000000011d3        0x1 00
 .data          0x00000000000011d4        0xe contiki-z1.a(rpl-of-etx.o)
                0x00000000000011d4                rpl_of_etx
 .data          0x00000000000011e2        0x8 contiki-z1.a(neighbor-attr.o)
 .data          0x00000000000011ea        0x4 /usr/lib/gcc/msp430/4.6.3/../../../../msp430/lib/mcpu-430x/mmpy-16/libc.a(rand.o)
                0x00000000000011ee                . = ALIGN (0x2)
                0x00000000000011ee                _edata = .
                0x000000000000daaa                PROVIDE (__data_load_start, LOADADDR (.data))
                0x00000000000000ee                PROVIDE (__data_size, SIZEOF (.data))

.bss            0x00000000000011ee     0x1c8c load address 0x000000000000db98
                0x00000000000011ee                PROVIDE (__bss_start, .)
 *(.bss .bss.*)
 .bss           0x00000000000011ee      0x150 z1-websense.co
 .bss           0x000000000000133e       0xae obj_z1/httpd-simple.o
 .bss           0x00000000000013ec        0x4 obj_z1/contiki-z1-main.o
 .bss           0x00000000000013f0       0x8a contiki-z1.a(csma.o)
 .bss           0x000000000000147a      0x382 contiki-z1.a(contikimac.o)
 .bss           0x00000000000017fc       0xe8 contiki-z1.a(phase.o)
 .bss           0x00000000000018e4       0x42 contiki-z1.a(process.o)
                0x00000000000018e4                process_current
                0x00000000000018e6                process_list
 .bss           0x0000000000001926        0x6 contiki-z1.a(etimer.o)
 .bss           0x000000000000192c        0x4 contiki-z1.a(ctimer.o)
 .bss           0x0000000000001930        0x2 contiki-z1.a(rtimer.o)
 .bss           0x0000000000001932       0xba contiki-z1.a(packetbuf.o)
 .bss           0x00000000000019ec      0x3c6 contiki-z1.a(queuebuf.o)
 .bss           0x0000000000001db2       0x12 contiki-z1.a(uip6.o)
                0x0000000000001db2                uip_ext_opt_offset
                0x0000000000001db4                uip_ext_len
                0x0000000000001db6                uip_ext_bitmap
 .bss           0x0000000000001dc4       0x36 contiki-z1.a(tcpip.o)
 .bss           0x0000000000001dfa       0x10 contiki-z1.a(uip-icmp6.o)
 .bss           0x0000000000001e0a        0xa contiki-z1.a(uip-nd6.o)
 .bss           0x0000000000001e14       0xbe contiki-z1.a(sicslowpan.o)
 .bss           0x0000000000001ed2       0x3e contiki-z1.a(neighbor-info.o)
 .bss           0x0000000000001f10       0x20 contiki-z1.a(uip-ds6.o)
 .bss           0x0000000000001f30        0x2 contiki-z1.a(leds.o)
 .bss           0x0000000000001f32        0x2 contiki-z1.a(watchdog.o)
 .bss           0x0000000000001f34        0xa contiki-z1.a(cc2420.o)
 .bss           0x0000000000001f3e        0x2 contiki-z1.a(node-id.o)
                0x0000000000001f3e                node_id
 .bss           0x0000000000001f40        0x6 contiki-z1.a(sensors.o)
 .bss           0x0000000000001f46        0x8 contiki-z1.a(button-sensor.o)
 .bss           0x0000000000001f4e        0x4 contiki-z1.a(uart0.o)
 .bss           0x0000000000001f52       0x16 contiki-z1.a(adxl345.o)
 .bss           0x0000000000001f68        0xa contiki-z1.a(clock.o)
 .bss           0x0000000000001f72        0x2 contiki-z1.a(framer-802154.o)
 .bss           0x0000000000001f74      0x230 contiki-z1.a(rpl-dag.o)
 .bss           0x00000000000021a4       0x18 contiki-z1.a(rpl-timers.o)
 .bss           0x00000000000021bc       0xce contiki-z1.a(neighbor-attr.o)
 .bss           0x000000000000228a        0x2 contiki-z1.a(i2cmaster.o)
 .bss           0x000000000000228c        0x4 /usr/lib/gcc/msp430/4.6.3/../../../../msp430/lib/mcpu-430x/mmpy-16/libc.a(sprintf.o)
 *(COMMON)
 COMMON         0x0000000000002290        0x2 obj_z1/contiki-z1-main.o
                0x0000000000002290                sensors_flags
 COMMON         0x0000000000002292        0x8 contiki-z1.a(rimeaddr.o)
                0x0000000000002292                rimeaddr_node_addr
 COMMON         0x000000000000229a        0x1 contiki-z1.a(process.o)
                0x000000000000229a                process_maxevents
 *fill*         0x000000000000229b        0x1 00
 COMMON         0x000000000000229c       0x56 contiki-z1.a(energest.o)
                0x000000000000229c                energest_total_time
                0x00000000000022cc                energest_total_count
                0x00000000000022ce                energest_current_mode
                0x00000000000022da                energest_current_time
 COMMON         0x00000000000022f2       0x50 contiki-z1.a(packetbuf.o)
                0x00000000000022f2                packetbuf_addrs
                0x0000000000002312                packetbuf_attrs
 COMMON         0x0000000000002342      0x2a0 contiki-z1.a(uip6.o)
                0x0000000000002342                uip_len
                0x0000000000002344                uip_sappdata
                0x0000000000002346                uip_acc32
                0x000000000000234a                uip_lladdr
                0x0000000000002352                uip_aligned_buf
                0x00000000000023de                uip_flags
                0x00000000000023e0                uip_next_hdr
                0x00000000000023e2                uip_udp_conn
                0x00000000000023e4                uip_appdata
                0x00000000000023e6                uip_conn
                0x00000000000023e8                uip_conns
                0x0000000000002498                uip_listenports
                0x00000000000024a8                uip_slen
                0x00000000000024aa                uip_udp_conns
 COMMON         0x00000000000025e2        0x1 contiki-z1.a(tcpip.o)
                0x00000000000025e2                tcpip_event
 *fill*         0x00000000000025e3        0x1 00
 COMMON         0x00000000000025e4        0x8 contiki-z1.a(sicslowpan.o)
                0x00000000000025e4                frag_sender
 COMMON         0x00000000000025ec      0x752 contiki-z1.a(uip-ds6.o)
                0x00000000000025ec                uip_ds6_timer_ra
                0x00000000000025f4                uip_ds6_if
                0x00000000000026e0                uip_ds6_netif_addr_list_offset
                0x00000000000026e1                uip_ds6_addr_size
                0x00000000000026e2                uip_ds6_prefix_list
                0x000000000000273c                uip_ds6_timer_periodic
                0x0000000000002748                uip_ds6_defrt_list
                0x0000000000002780                uip_ds6_nbr_cache
                0x0000000000002a6e                uip_ds6_routing_table
 COMMON         0x0000000000002d3e       0x14 contiki-z1.a(cc2420.o)
                0x0000000000002d3e                cc2420_last_rssi
                0x0000000000002d40                cc2420_packets_read
                0x0000000000002d42                cc2420_packets_seen
                0x0000000000002d44                cc2420_sfd_start_time
                0x0000000000002d46                cc2420_time_of_departure
                0x0000000000002d48                cc2420_time_of_arrival
                0x0000000000002d4a                cc2420_last_correlation
                0x0000000000002d4c                cc2420_authority_level_of_sender
                0x0000000000002d4e                cc2420_sfd_counter
                0x0000000000002d50                cc2420_sfd_end_time
 COMMON         0x0000000000002d52        0x8 contiki-z1.a(node-id.o)
                0x0000000000002d52                node_mac
 COMMON         0x0000000000002d5a        0x1 contiki-z1.a(sensors.o)
                0x0000000000002d5a                sensors_event
 *fill*         0x0000000000002d5b        0x1 00
 COMMON         0x0000000000002d5c        0x7 contiki-z1.a(adxl345.o)
                0x0000000000002d5c                accm_int2_cb
                0x0000000000002d5e                int2_event
                0x0000000000002d60                accm_int1_cb
                0x0000000000002d62                int1_event
 *fill*         0x0000000000002d63        0x1 00
 COMMON         0x0000000000002d64       0x48 contiki-z1.a(rimestats.o)
                0x0000000000002d64                rimestats
 COMMON         0x0000000000002dac       0xbe contiki-z1.a(rpl-dag.o)
                0x0000000000002dac                default_instance
                0x0000000000002dae                instance_table
 COMMON         0x0000000000002e6a       0x10 contiki-z1.a(i2cmaster.o)
                0x0000000000002e6a                transmit_data1
                0x0000000000002e6b                rx_byte_ctr
                0x0000000000002e6c                tx_buf_ptr
                0x0000000000002e6e                tx_byte_ctr
                0x0000000000002e70                i
                0x0000000000002e72                receive_data
                0x0000000000002e74                rx_buf
                0x0000000000002e76                transmit_data2
                0x0000000000002e78                rx_buf_ptr
                0x0000000000002e7a                . = ALIGN (0x2)
                0x0000000000002e7a                PROVIDE (__bss_end, .)
                0x0000000000001c8c                PROVIDE (__bss_size, SIZEOF (.bss))

.noinit         0x0000000000002e7a        0x2 load address 0x000000000000db98
                0x0000000000002e7a                PROVIDE (__noinit_start, .)
 *(.noinit .noinit.*)
 .noinit.crt0   0x0000000000002e7a        0x2 /usr/lib/gcc/msp430/4.6.3/mcpu-430x/mmpy-16/libcrt0.a(__watchdog_support.o)
                0x0000000000002e7a                __wdt_clear_value
                0x0000000000002e7c                . = ALIGN (0x2)
                0x0000000000002e7c                PROVIDE (__noinit_end, .)
                0x0000000000002e7c                . = ALIGN (0x2)
                0x0000000000002e7c                _end = .

.infomem        0x0000000000001000        0x0
 *(.infomem)
                0x0000000000001000                . = ALIGN (0x2)
 *(.infomem.*)

.infomemnobits  0x0000000000001000        0x0
 *(.infomemnobits)
                0x0000000000001000                . = ALIGN (0x2)
 *(.infomemnobits.*)

.infoa
 *(.infoa .infoa.*)

.infob
 *(.infob .infob.*)

.infoc
 *(.infoc .infoc.*)

.infod
 *(.infod .infod.*)

.vectors        0x000000000000ffc0       0x40
                0x000000000000ffc0                PROVIDE (__vectors_start, .)
 *(.vectors*)
 .vectors       0x000000000000ffc0       0x40 /usr/lib/gcc/msp430/4.6.3/mcpu-430x/mmpy-16/crt0ivtbl32.o
                0x000000000000ffc0                __ivtbl_32
                0x0000000000010000                _vectors_end = .

.fartext        0x0000000000010000        0x0
                0x0000000000010000                . = ALIGN (0x2)
 *(.fartext)
                0x0000000000010000                . = ALIGN (0x2)
 *(.fartext.*)
                0x0000000000010000                _efartext = .

.profiler
 *(.profiler)

.stab
 *(.stab)

.stabstr
 *(.stabstr)

.stab.excl
 *(.stab.excl)

.stab.exclstr
 *(.stab.exclstr)

.stab.index
 *(.stab.index)

.stab.indexstr
 *(.stab.indexstr)

.comment
 *(.comment)

.debug
 *(.debug)

.line
 *(.line)

.debug_srcinfo
 *(.debug_srcinfo)

.debug_sfnames
 *(.debug_sfnames)

.debug_aranges  0x0000000000000000      0x230
 *(.debug_aranges)
 .debug_aranges
                0x0000000000000000       0x14 /usr/lib/gcc/msp430/4.6.3/mcpu-430x/mmpy-16/libgcc.a(_mulsi3.o)
 .debug_aranges
                0x0000000000000014       0x14 /usr/lib/gcc/msp430/4.6.3/mcpu-430x/mmpy-16/libgcc.a(_udivmod16.o)
 .debug_aranges
                0x0000000000000028       0x14 /usr/lib/gcc/msp430/4.6.3/mcpu-430x/mmpy-16/libgcc.a(_udivmod32.o)
 .debug_aranges
                0x000000000000003c       0x14 /usr/lib/gcc/msp430/4.6.3/mcpu-430x/mmpy-16/libgcc.a(_ge_sf.o)
 .debug_aranges
                0x0000000000000050       0x14 /usr/lib/gcc/msp430/4.6.3/mcpu-430x/mmpy-16/libgcc.a(_si_to_sf.o)
 .debug_aranges
                0x0000000000000064       0x14 /usr/lib/gcc/msp430/4.6.3/mcpu-430x/mmpy-16/libgcc.a(_sf_to_si.o)
 .debug_aranges
                0x0000000000000078       0x14 /usr/lib/gcc/msp430/4.6.3/mcpu-430x/mmpy-16/libgcc.a(_clzsi2.o)
 .debug_aranges
                0x000000000000008c       0x14 /usr/lib/gcc/msp430/4.6.3/mcpu-430x/mmpy-16/libgcc.a(_pack_sf.o)
 .debug_aranges
                0x00000000000000a0       0x14 /usr/lib/gcc/msp430/4.6.3/mcpu-430x/mmpy-16/libgcc.a(_unpack_sf.o)
 .debug_aranges
                0x00000000000000b4       0x14 /usr/lib/gcc/msp430/4.6.3/mcpu-430x/mmpy-16/libgcc.a(_fpcmp_parts_sf.o)
 .debug_aranges
                0x00000000000000c8       0x14 /usr/lib/gcc/msp430/4.6.3/../../../../msp430/lib/mcpu-430x/mmpy-16/libc.a(strncmp.o)
 .debug_aranges
                0x00000000000000dc       0x14 /usr/lib/gcc/msp430/4.6.3/../../../../msp430/lib/mcpu-430x/mmpy-16/libc.a(memcmp.o)
 .debug_aranges
                0x00000000000000f0       0x14 /usr/lib/gcc/msp430/4.6.3/../../../../msp430/lib/mcpu-430x/mmpy-16/libc.a(strncpy.o)
 .debug_aranges
                0x0000000000000104       0x14 /usr/lib/gcc/msp430/4.6.3/../../../../msp430/lib/mcpu-430x/mmpy-16/libc.a(memcpy.o)
 .debug_aranges
                0x0000000000000118       0x14 /usr/lib/gcc/msp430/4.6.3/../../../../msp430/lib/mcpu-430x/mmpy-16/libc.a(memmove.o)
 .debug_aranges
                0x000000000000012c       0x14 /usr/lib/gcc/msp430/4.6.3/../../../../msp430/lib/mcpu-430x/mmpy-16/libc.a(memset.o)
 .debug_aranges
                0x0000000000000140       0x14 /usr/lib/gcc/msp430/4.6.3/../../../../msp430/lib/mcpu-430x/mmpy-16/libc.a(printf.o)
 .debug_aranges
                0x0000000000000154       0x14 /usr/lib/gcc/msp430/4.6.3/../../../../msp430/lib/mcpu-430x/mmpy-16/libc.a(sprintf.o)
 .debug_aranges
                0x0000000000000168       0x14 /usr/lib/gcc/msp430/4.6.3/../../../../msp430/lib/mcpu-430x/mmpy-16/libc.a(vuprintf.o)
 .debug_aranges
                0x000000000000017c       0x14 /usr/lib/gcc/msp430/4.6.3/../../../../msp430/lib/mcpu-430x/mmpy-16/libc.a(puts.o)
 .debug_aranges
                0x0000000000000190       0x14 /usr/lib/gcc/msp430/4.6.3/../../../../msp430/lib/mcpu-430x/mmpy-16/libc.a(rand.o)
 .debug_aranges
                0x00000000000001a4       0x14 /usr/lib/gcc/msp430/4.6.3/mcpu-430x/mmpy-16/libgcc.a(_udivmod64.o)
 .debug_aranges
                0x00000000000001b8       0x14 /usr/lib/gcc/msp430/4.6.3/mcpu-430x/mmpy-16/libcrt0.a(__watchdog_support.o)
 .debug_aranges
                0x00000000000001cc       0x14 /usr/lib/gcc/msp430/4.6.3/mcpu-430x/mmpy-16/libcrt0.a(__init_stack.o)
 .debug_aranges